Running array task 2 with  samples on sl-akali-p-cs2
usage: flexynesis [-h] [-v] [--data_path DATA_PATH]
                  [--model_class {DirectPred,supervised_vae,MultiTripletNetwork,CrossModalPred,GNN,RandomForest,SVM,XGBoost,RandomSurvivalForest}]
                  [--gnn_conv_type {GC,GCN,SAGE}]
                  [--target_variables TARGET_VARIABLES]
                  [--covariates COVARIATES] [--surv_event_var SURV_EVENT_VAR]
                  [--surv_time_var SURV_TIME_VAR] [--config_path CONFIG_PATH]
                  [--fusion_type {early,intermediate}] [--hpo_iter HPO_ITER]
                  [--finetuning_samples FINETUNING_SAMPLES]
                  [--variance_threshold VARIANCE_THRESHOLD]
                  [--correlation_threshold CORRELATION_THRESHOLD]
                  [--restrict_to_features RESTRICT_TO_FEATURES]
                  [--subsample SUBSAMPLE] [--features_min FEATURES_MIN]
                  [--features_top_percentile FEATURES_TOP_PERCENTILE]
                  [--data_types DATA_TYPES] [--input_layers INPUT_LAYERS]
                  [--output_layers OUTPUT_LAYERS] [--outdir OUTDIR]
                  [--prefix PREFIX] [--log_transform {True,False}]
                  [--early_stop_patience EARLY_STOP_PATIENCE]
                  [--hpo_patience HPO_PATIENCE] [--val_size VAL_SIZE]
                  [--use_cv] [--use_loss_weighting {True,False}]
                  [--evaluate_baseline_performance] [--threads THREADS]
                  [--num_workers NUM_WORKERS] [--use_gpu]
                  [--device {auto,cuda,mps,cpu}]
                  [--feature_importance_method {IntegratedGradients,GradientShap,Both}]
                  [--disable_marker_finding]
                  [--string_organism STRING_ORGANISM]
                  [--string_node_name {gene_name,gene_id}]
                  [--user_graph USER_GRAPH] [--safetensors]
                  [--pretrained_model PRETRAINED_MODEL]
                  [--artifacts ARTIFACTS] [--data_path_test DATA_PATH_TEST]
                  [--join_key JOIN_KEY]
flexynesis: error: argument --model_class: expected one argument
