Running array task 4 with RandomForest  50 samples based on finetunesplit_50 on sl-akali-p-cs2
[rank: 0] Seed set to 42
############################BRANCH TEST################################
[INFO] Using device: cuda
[INFO] Device name: Tesla P40
[INFO] Available CUDA devices: 1

[INFO] ================= Importing Data =================
[INFO] Validating data folders...

[INFO] ----------------- Reading Data ----------------- 
[INFO] Importing /data/local/mgiller/atlas_tissue_representation/Data/finetunesplit_50/train/gex.csv...
[INFO] Importing /data/local/mgiller/atlas_tissue_representation/Data/finetunesplit_50/train/clin.csv...

[INFO] ----------------- Reading Data ----------------- 
[INFO] Importing /data/local/mgiller/atlas_tissue_representation/Data/finetunesplit_50/test/gex.csv...
[INFO] Importing /data/local/mgiller/atlas_tissue_representation/Data/finetunesplit_50/test/clin.csv...

[INFO] ----------------- Checking for problems with the input data ----------------- 
[INFO] Data structure is valid with no errors or warnings.

[INFO] ----------------- Processing Data (train) ----------------- 

[INFO] ----------------- Cleaning Up Data ----------------- 

[INFO] working on layer:  gex
[INFO] Number of NA values:  0
[INFO] DataFrame gex - Removed 160 features.
[INFO] DataFrame gex - Removed 0 samples (0.00%).
[INFO] Implementing feature selection using laplacian score for layer: gex with  19056 features  and  50  samples 
[INFO] No feature selection applied. Returning original matrix. Demanded # of features is  larger than existing number of features

[INFO] ----------------- Processing Data (test) ----------------- 

[INFO] ----------------- Cleaning Up Data ----------------- 

[INFO] working on layer:  gex
[INFO] Number of NA values:  0
[INFO] DataFrame gex - Removed 193 features.
[INFO] DataFrame gex - Removed 0 samples (0.00%).

[INFO] ----------------- Harmonizing Data Sets ----------------- 

[INFO] ----------------- Finished Harmonizing ----------------- 

[INFO] ----------------- Normalizing Data ----------------- 

[INFO] ----------------- Normalizing Data ----------------- 
[INFO] Training Data Stats:  {'feature_count in: gex': 18954, 'sample_count': 50}
[INFO] Test Data Stats:  {'feature_count in: gex': 18954, 'sample_count': 1112}
[INFO] Merging Feature Logs...
[INFO] Data import successful.
Training RandomForest on variable: uberon_tissue
Train: (50, 18954)
Test: (1112, 18954)
Training method: RandomForest

Classification Report:
              precision    recall  f1-score   support

        -1.0       0.00      0.00      0.00       121
         0.0       0.26      0.96      0.41        27
         1.0       0.00      0.00      0.00        41
         2.0       0.00      0.00      0.00        34
         3.0       0.47      0.95      0.63        96
         4.0       0.65      0.62      0.64        93
         5.0       1.00      0.08      0.16        59
         6.0       0.78      0.61      0.68        69
         7.0       0.40      0.85      0.55        53
         8.0       0.00      0.00      0.00        35
         9.0       0.44      0.55      0.49       177
        10.0       0.85      0.10      0.17       115
        11.0       0.14      0.68      0.24        57
        12.0       0.00      0.00      0.00        51
        13.0       0.98      0.67      0.79        84

    accuracy                           0.42      1112
   macro avg       0.40      0.41      0.32      1112
weighted avg       0.46      0.42      0.36      1112

Traceback (most recent call last):
  File "/home/mgiller/miniforge3/envs/flexenv/bin/flexynesis", line 6, in <module>
    sys.exit(main())
             ^^^^^^
  File "/home/mgiller/flexcode/flexynesis/flexynesis/__main__.py", line 1174, in main
    metrics, predictions = evaluate_baseline_performance(
                           ^^^^^^^^^^^^^^^^^^^^^^^^^^^^^^
  File "/home/mgiller/flexcode/flexynesis/flexynesis/utils.py", line 966, in evaluate_baseline_performance
    df_preds = get_predicted_labels(
               ^^^^^^^^^^^^^^^^^^^^^
  File "/home/mgiller/flexcode/flexynesis/flexynesis/utils.py", line 780, in get_predicted_labels
    y_true = [
             ^
  File "/home/mgiller/flexcode/flexynesis/flexynesis/utils.py", line 782, in <listcomp>
    dataset.label_mappings[var][int(x.item())]
    ~~~~~~~~~~~~~~~~~~~~~~~~~~~^^^^^^^^^^^^^^^
KeyError: -1
