Running array task 5 with RandomForest  100 samples based on finetunesplit_100 on sl-akali-p-cs2
[rank: 0] Seed set to 42
############################BRANCH TEST################################
[INFO] Using device: cuda
[INFO] Device name: Tesla P40
[INFO] Available CUDA devices: 1

[INFO] ================= Importing Data =================
[INFO] Validating data folders...

[INFO] ----------------- Reading Data ----------------- 
[INFO] Importing /data/local/mgiller/atlas_tissue_representation/Data/finetunesplit_100/train/clin.csv...
[INFO] Importing /data/local/mgiller/atlas_tissue_representation/Data/finetunesplit_100/train/gex.csv...

[INFO] ----------------- Reading Data ----------------- 
[INFO] Importing /data/local/mgiller/atlas_tissue_representation/Data/finetunesplit_100/test/clin.csv...
[INFO] Importing /data/local/mgiller/atlas_tissue_representation/Data/finetunesplit_100/test/gex.csv...

[INFO] ----------------- Checking for problems with the input data ----------------- 
[INFO] Data structure is valid with no errors or warnings.

[INFO] ----------------- Processing Data (train) ----------------- 

[INFO] ----------------- Cleaning Up Data ----------------- 

[INFO] working on layer:  gex
[INFO] Number of NA values:  0
[INFO] DataFrame gex - Removed 193 features.
[INFO] DataFrame gex - Removed 0 samples (0.00%).
[INFO] Implementing feature selection using laplacian score for layer: gex with  19023 features  and  100  samples 
[INFO] No feature selection applied. Returning original matrix. Demanded # of features is  larger than existing number of features

[INFO] ----------------- Processing Data (test) ----------------- 

[INFO] ----------------- Cleaning Up Data ----------------- 

[INFO] working on layer:  gex
[INFO] Number of NA values:  0
[INFO] DataFrame gex - Removed 193 features.
[INFO] DataFrame gex - Removed 0 samples (0.00%).

[INFO] ----------------- Harmonizing Data Sets ----------------- 

[INFO] ----------------- Finished Harmonizing ----------------- 

[INFO] ----------------- Normalizing Data ----------------- 

[INFO] ----------------- Normalizing Data ----------------- 
[INFO] Training Data Stats:  {'feature_count in: gex': 18954, 'sample_count': 100}
[INFO] Test Data Stats:  {'feature_count in: gex': 18954, 'sample_count': 1062}
[INFO] Merging Feature Logs...
[INFO] Data import successful.
Training RandomForest on variable: uberon_tissue
Train: (100, 18954)
Test: (1062, 18954)
Training method: RandomForest

Classification Report:
              precision    recall  f1-score   support

         0.0       0.00      0.00      0.00        30
         1.0       0.00      0.00      0.00        39
         2.0       0.00      0.00      0.00        32
         3.0       0.88      0.86      0.87        92
         4.0       0.67      0.65      0.66        89
         5.0       0.81      0.30      0.44        57
         6.0       0.46      0.92      0.61        61
         7.0       0.25      0.05      0.08        22
         8.0       0.54      0.75      0.63        53
         9.0       0.00      0.00      0.00        34
        10.0       0.00      0.00      0.00        22
        11.0       0.42      0.88      0.57       169
        12.0       0.89      0.90      0.90       112
        13.0       0.38      0.25      0.30        59
        14.0       0.39      0.19      0.25        48
        15.0       0.54      0.92      0.68        77
        16.0       0.00      0.00      0.00        32
        17.0       0.00      0.00      0.00        34

    accuracy                           0.56      1062
   macro avg       0.35      0.37      0.33      1062
weighted avg       0.47      0.56      0.48      1062

RandomForest evaluation complete. Results saved.
