Running array task 6 with 175 samples on sl-akali-p-cs2
Running array task 6 with 175 Subsamplerun 0 samples on sl-akali-p-cs2
/home/mgiller/miniforge3/envs/flexenv/lib/python3.11/site-packages/sklearn/utils/validation.py:2827: UserWarning: X does not have valid feature names, but StandardScaler was fitted with feature names
/home/mgiller/miniforge3/envs/flexenv/lib/python3.11/site-packages/sklearn/utils/validation.py:2827: UserWarning: X does not have valid feature names, but OrdinalEncoder was fitted with feature names
[rank: 0] Seed set to 42
/home/mgiller/miniforge3/envs/flexenv/lib/python3.11/site-packages/lightning/fabric/plugins/environments/slurm.py:204: PossibleUserWarning: The `srun` command is available on your system but is not used. HINT: If your intention is to run Lightning on SLURM, prepend your python command with `srun` like so: srun python3.11 /home/mgiller/miniforge3/envs/flexenv/bin/flexyn ...
/home/mgiller/miniforge3/envs/flexenv/lib/python3.11/site-packages/lightning/pytorch/utilities/data.py:79: UserWarning: Trying to infer the `batch_size` from an ambiguous collection. The batch size we found is 32. To avoid any miscalculations, use `self.log(..., batch_size=batch_size)`.
/home/mgiller/miniforge3/envs/flexenv/lib/python3.11/site-packages/lightning/pytorch/utilities/data.py:79: UserWarning: Trying to infer the `batch_size` from an ambiguous collection. The batch size we found is 3. To avoid any miscalculations, use `self.log(..., batch_size=batch_size)`.
/home/mgiller/miniforge3/envs/flexenv/lib/python3.11/site-packages/lightning/pytorch/loops/fit_loop.py:538: PossibleUserWarning: Found 52 module(s) in eval mode at the start of training. This may lead to unexpected behavior during training. If this is intentional, you can ignore this warning.
[INFO] Inference mode: forcing device to CPU
[INFO] Loading test data for inference...
[INFO] Loaded artifacts for modalities: ['gex']
[INFO] gex: Ignoring 3101 extra features not in training
[INFO] Test dataset loaded: 1162 samples
[INFO] Moving model to cuda for finetuning
[INFO] FineTuner: model currently on device=cuda:0, cuda_available=True
[INFO] average 5-fold cross-validation loss 2.438556456565857 for learning rate: 0.001562069367563987 freeze {'encoders': True, 'supervisors': False}, average epochs 19
[INFO] average 5-fold cross-validation loss 2.6616308450698853 for learning rate: 0.001562069367563987 freeze {'encoders': False, 'supervisors': True}, average epochs 10
[INFO] average 5-fold cross-validation loss 2.8801218032836915 for learning rate: 0.001562069367563987 freeze {'encoders': False, 'supervisors': False}, average epochs 9
[INFO] average 5-fold cross-validation loss 5.073040914535523 for learning rate: 0.0001562069367563987 freeze {'encoders': True, 'supervisors': False}, average epochs 9
[INFO] average 5-fold cross-validation loss 2.7620278120040895 for learning rate: 0.0001562069367563987 freeze {'encoders': False, 'supervisors': True}, average epochs 21
[INFO] average 5-fold cross-validation loss 2.8458261251449586 for learning rate: 0.0001562069367563987 freeze {'encoders': False, 'supervisors': False}, average epochs 19
[INFO] average 5-fold cross-validation loss 5.930424404144287 for learning rate: 1.562069367563987e-05 freeze {'encoders': True, 'supervisors': False}, average epochs 3
[INFO] average 5-fold cross-validation loss 3.887159252166748 for learning rate: 1.562069367563987e-05 freeze {'encoders': False, 'supervisors': True}, average epochs 22
[INFO] average 5-fold cross-validation loss 3.9819311618804933 for learning rate: 1.562069367563987e-05 freeze {'encoders': False, 'supervisors': False}, average epochs 20
Best learning rate: 0.001562069367563987 and freeze {'encoders': True, 'supervisors': False} with average validation loss: 2.438556456565857 and average epochs: 19
┏━━━┳━━━━━━━━━━━━━━━━┳━━━━━━━━━━━━━━━━┳━━━━━━━━┳━━━━━━┳━━━━━━━┓
┃   ┃ Name           ┃ Type           ┃ Params ┃ Mode ┃ FLOPs ┃
┡━━━╇━━━━━━━━━━━━━━━━╇━━━━━━━━━━━━━━━━╇━━━━━━━━╇━━━━━━╇━━━━━━━┩
│ 0 │ original_model │ supervised_vae │  133 M │ eval │     0 │
│ 1 │ model          │ supervised_vae │  133 M │ eval │     0 │
└───┴────────────────┴────────────────┴────────┴──────┴───────┘
Trainable params: 200 M                                                         
Non-trainable params: 67.1 M                                                    
Total params: 267 M                                                             
Total estimated model params size (MB): 1,070.358                               
Modules in train mode: 0                                                        
Modules in eval mode: 52                                                        
Total FLOPs: 0                                                                  
Epoch 18/18 ━━━━━━━━━━━━━━━━━━━━ 6/6 0:00:00 • 0:00:00 28.81it/s val_loss: 2.155
/home/mgiller/miniforge3/envs/flexenv/lib/python3.11/site-packages/sklearn/metrics/_classification.py:2939: UserWarning: y_pred contains classes not in y_true
[INFO] Extracting sample embeddings
[INFO] Computing model evaluation metrics
[INFO] Finetuned model saved to /data/local/mgiller/atlas_tissue_representation/size_filterd/Resampled/resample_0/175_FinetuneSamples_resample_run_0.final_model.pth
Running array task 6 with 175 Subsamplerun 1 samples on sl-akali-p-cs2
/home/mgiller/miniforge3/envs/flexenv/lib/python3.11/site-packages/sklearn/utils/validation.py:2827: UserWarning: X does not have valid feature names, but StandardScaler was fitted with feature names
/home/mgiller/miniforge3/envs/flexenv/lib/python3.11/site-packages/sklearn/utils/validation.py:2827: UserWarning: X does not have valid feature names, but OrdinalEncoder was fitted with feature names
[rank: 0] Seed set to 42
/home/mgiller/miniforge3/envs/flexenv/lib/python3.11/site-packages/lightning/fabric/plugins/environments/slurm.py:204: PossibleUserWarning: The `srun` command is available on your system but is not used. HINT: If your intention is to run Lightning on SLURM, prepend your python command with `srun` like so: srun python3.11 /home/mgiller/miniforge3/envs/flexenv/bin/flexyn ...
/home/mgiller/miniforge3/envs/flexenv/lib/python3.11/site-packages/lightning/pytorch/utilities/data.py:79: UserWarning: Trying to infer the `batch_size` from an ambiguous collection. The batch size we found is 32. To avoid any miscalculations, use `self.log(..., batch_size=batch_size)`.
/home/mgiller/miniforge3/envs/flexenv/lib/python3.11/site-packages/lightning/pytorch/utilities/data.py:79: UserWarning: Trying to infer the `batch_size` from an ambiguous collection. The batch size we found is 3. To avoid any miscalculations, use `self.log(..., batch_size=batch_size)`.
/home/mgiller/miniforge3/envs/flexenv/lib/python3.11/site-packages/lightning/pytorch/loops/fit_loop.py:538: PossibleUserWarning: Found 52 module(s) in eval mode at the start of training. This may lead to unexpected behavior during training. If this is intentional, you can ignore this warning.
[INFO] Inference mode: forcing device to CPU
[INFO] Loading test data for inference...
[INFO] Loaded artifacts for modalities: ['gex']
[INFO] gex: Ignoring 3101 extra features not in training
[INFO] Test dataset loaded: 1162 samples
[INFO] Moving model to cuda for finetuning
[INFO] FineTuner: model currently on device=cuda:0, cuda_available=True
[INFO] average 5-fold cross-validation loss 2.781203365325928 for learning rate: 0.001562069367563987 freeze {'encoders': True, 'supervisors': False}, average epochs 21
[INFO] average 5-fold cross-validation loss 3.601566219329834 for learning rate: 0.001562069367563987 freeze {'encoders': False, 'supervisors': True}, average epochs 6
[INFO] average 5-fold cross-validation loss 3.269297885894775 for learning rate: 0.001562069367563987 freeze {'encoders': False, 'supervisors': False}, average epochs 11
[INFO] average 5-fold cross-validation loss 5.385550689697266 for learning rate: 0.0001562069367563987 freeze {'encoders': True, 'supervisors': False}, average epochs 25
[INFO] average 5-fold cross-validation loss 3.1665964126586914 for learning rate: 0.0001562069367563987 freeze {'encoders': False, 'supervisors': True}, average epochs 23
[INFO] average 5-fold cross-validation loss 2.9699174880981447 for learning rate: 0.0001562069367563987 freeze {'encoders': False, 'supervisors': False}, average epochs 29
[INFO] average 5-fold cross-validation loss 7.2026551246643065 for learning rate: 1.562069367563987e-05 freeze {'encoders': True, 'supervisors': False}, average epochs 4
[INFO] average 5-fold cross-validation loss 4.8785795211792 for learning rate: 1.562069367563987e-05 freeze {'encoders': False, 'supervisors': True}, average epochs 20
[INFO] average 5-fold cross-validation loss 4.816875410079956 for learning rate: 1.562069367563987e-05 freeze {'encoders': False, 'supervisors': False}, average epochs 19
Best learning rate: 0.001562069367563987 and freeze {'encoders': True, 'supervisors': False} with average validation loss: 2.781203365325928 and average epochs: 21
┏━━━┳━━━━━━━━━━━━━━━━┳━━━━━━━━━━━━━━━━┳━━━━━━━━┳━━━━━━┳━━━━━━━┓
┃   ┃ Name           ┃ Type           ┃ Params ┃ Mode ┃ FLOPs ┃
┡━━━╇━━━━━━━━━━━━━━━━╇━━━━━━━━━━━━━━━━╇━━━━━━━━╇━━━━━━╇━━━━━━━┩
│ 0 │ original_model │ supervised_vae │  133 M │ eval │     0 │
│ 1 │ model          │ supervised_vae │  133 M │ eval │     0 │
└───┴────────────────┴────────────────┴────────┴──────┴───────┘
Trainable params: 200 M                                                         
Non-trainable params: 67.1 M                                                    
Total params: 267 M                                                             
Total estimated model params size (MB): 1,070.358                               
Modules in train mode: 0                                                        
Modules in eval mode: 52                                                        
Total FLOPs: 0                                                                  
Epoch 20/20 ━━━━━━━━━━━━━━━━━━━━ 6/6 0:00:00 • 0:00:00 28.84it/s val_loss: 2.009
/home/mgiller/miniforge3/envs/flexenv/lib/python3.11/site-packages/sklearn/metrics/_classification.py:2939: UserWarning: y_pred contains classes not in y_true
[INFO] Extracting sample embeddings
[INFO] Computing model evaluation metrics
[INFO] Finetuned model saved to /data/local/mgiller/atlas_tissue_representation/size_filterd/Resampled/resample_1/175_FinetuneSamples_resample_run_1.final_model.pth
Running array task 6 with 175 Subsamplerun 2 samples on sl-akali-p-cs2
/home/mgiller/miniforge3/envs/flexenv/lib/python3.11/site-packages/sklearn/utils/validation.py:2827: UserWarning: X does not have valid feature names, but StandardScaler was fitted with feature names
/home/mgiller/miniforge3/envs/flexenv/lib/python3.11/site-packages/sklearn/utils/validation.py:2827: UserWarning: X does not have valid feature names, but OrdinalEncoder was fitted with feature names
[rank: 0] Seed set to 42
/home/mgiller/miniforge3/envs/flexenv/lib/python3.11/site-packages/lightning/fabric/plugins/environments/slurm.py:204: PossibleUserWarning: The `srun` command is available on your system but is not used. HINT: If your intention is to run Lightning on SLURM, prepend your python command with `srun` like so: srun python3.11 /home/mgiller/miniforge3/envs/flexenv/bin/flexyn ...
/home/mgiller/miniforge3/envs/flexenv/lib/python3.11/site-packages/lightning/pytorch/utilities/data.py:79: UserWarning: Trying to infer the `batch_size` from an ambiguous collection. The batch size we found is 32. To avoid any miscalculations, use `self.log(..., batch_size=batch_size)`.
/home/mgiller/miniforge3/envs/flexenv/lib/python3.11/site-packages/lightning/pytorch/utilities/data.py:79: UserWarning: Trying to infer the `batch_size` from an ambiguous collection. The batch size we found is 3. To avoid any miscalculations, use `self.log(..., batch_size=batch_size)`.
/home/mgiller/miniforge3/envs/flexenv/lib/python3.11/site-packages/lightning/pytorch/loops/fit_loop.py:538: PossibleUserWarning: Found 52 module(s) in eval mode at the start of training. This may lead to unexpected behavior during training. If this is intentional, you can ignore this warning.
[INFO] Inference mode: forcing device to CPU
[INFO] Loading test data for inference...
[INFO] Loaded artifacts for modalities: ['gex']
[INFO] gex: Ignoring 3101 extra features not in training
[INFO] Test dataset loaded: 1162 samples
[INFO] Moving model to cuda for finetuning
[INFO] FineTuner: model currently on device=cuda:0, cuda_available=True
[INFO] average 5-fold cross-validation loss 2.4436766386032103 for learning rate: 0.001562069367563987 freeze {'encoders': True, 'supervisors': False}, average epochs 18
[INFO] average 5-fold cross-validation loss 2.939222526550293 for learning rate: 0.001562069367563987 freeze {'encoders': False, 'supervisors': True}, average epochs 11
[INFO] average 5-fold cross-validation loss 2.861481475830078 for learning rate: 0.001562069367563987 freeze {'encoders': False, 'supervisors': False}, average epochs 8
[INFO] average 5-fold cross-validation loss 4.242495775222778 for learning rate: 0.0001562069367563987 freeze {'encoders': True, 'supervisors': False}, average epochs 23
[INFO] average 5-fold cross-validation loss 2.945702075958252 for learning rate: 0.0001562069367563987 freeze {'encoders': False, 'supervisors': True}, average epochs 15
[INFO] average 5-fold cross-validation loss 2.8775696754455566 for learning rate: 0.0001562069367563987 freeze {'encoders': False, 'supervisors': False}, average epochs 17
[INFO] average 5-fold cross-validation loss 5.671391153335572 for learning rate: 1.562069367563987e-05 freeze {'encoders': True, 'supervisors': False}, average epochs 4
[INFO] average 5-fold cross-validation loss 3.8439125537872316 for learning rate: 1.562069367563987e-05 freeze {'encoders': False, 'supervisors': True}, average epochs 23
[INFO] average 5-fold cross-validation loss 3.996878814697266 for learning rate: 1.562069367563987e-05 freeze {'encoders': False, 'supervisors': False}, average epochs 19
Best learning rate: 0.001562069367563987 and freeze {'encoders': True, 'supervisors': False} with average validation loss: 2.4436766386032103 and average epochs: 18
┏━━━┳━━━━━━━━━━━━━━━━┳━━━━━━━━━━━━━━━━┳━━━━━━━━┳━━━━━━┳━━━━━━━┓
┃   ┃ Name           ┃ Type           ┃ Params ┃ Mode ┃ FLOPs ┃
┡━━━╇━━━━━━━━━━━━━━━━╇━━━━━━━━━━━━━━━━╇━━━━━━━━╇━━━━━━╇━━━━━━━┩
│ 0 │ original_model │ supervised_vae │  133 M │ eval │     0 │
│ 1 │ model          │ supervised_vae │  133 M │ eval │     0 │
└───┴────────────────┴────────────────┴────────┴──────┴───────┘
Trainable params: 200 M                                                         
Non-trainable params: 67.1 M                                                    
Total params: 267 M                                                             
Total estimated model params size (MB): 1,070.358                               
Modules in train mode: 0                                                        
Modules in eval mode: 52                                                        
Total FLOPs: 0                                                                  
Epoch 17/17 ━━━━━━━━━━━━━━━━━━━━ 6/6 0:00:00 • 0:00:00 28.87it/s val_loss: 1.568
/home/mgiller/miniforge3/envs/flexenv/lib/python3.11/site-packages/sklearn/metrics/_classification.py:2939: UserWarning: y_pred contains classes not in y_true
[INFO] Extracting sample embeddings
[INFO] Computing model evaluation metrics
[INFO] Finetuned model saved to /data/local/mgiller/atlas_tissue_representation/size_filterd/Resampled/resample_2/175_FinetuneSamples_resample_run_2.final_model.pth
Running array task 6 with 175 Subsamplerun 3 samples on sl-akali-p-cs2
/home/mgiller/miniforge3/envs/flexenv/lib/python3.11/site-packages/sklearn/utils/validation.py:2827: UserWarning: X does not have valid feature names, but StandardScaler was fitted with feature names
/home/mgiller/miniforge3/envs/flexenv/lib/python3.11/site-packages/sklearn/utils/validation.py:2827: UserWarning: X does not have valid feature names, but OrdinalEncoder was fitted with feature names
[rank: 0] Seed set to 42
/home/mgiller/miniforge3/envs/flexenv/lib/python3.11/site-packages/lightning/fabric/plugins/environments/slurm.py:204: PossibleUserWarning: The `srun` command is available on your system but is not used. HINT: If your intention is to run Lightning on SLURM, prepend your python command with `srun` like so: srun python3.11 /home/mgiller/miniforge3/envs/flexenv/bin/flexyn ...
/home/mgiller/miniforge3/envs/flexenv/lib/python3.11/site-packages/lightning/pytorch/utilities/data.py:79: UserWarning: Trying to infer the `batch_size` from an ambiguous collection. The batch size we found is 32. To avoid any miscalculations, use `self.log(..., batch_size=batch_size)`.
/home/mgiller/miniforge3/envs/flexenv/lib/python3.11/site-packages/lightning/pytorch/utilities/data.py:79: UserWarning: Trying to infer the `batch_size` from an ambiguous collection. The batch size we found is 3. To avoid any miscalculations, use `self.log(..., batch_size=batch_size)`.
/home/mgiller/miniforge3/envs/flexenv/lib/python3.11/site-packages/lightning/pytorch/loops/fit_loop.py:538: PossibleUserWarning: Found 52 module(s) in eval mode at the start of training. This may lead to unexpected behavior during training. If this is intentional, you can ignore this warning.
[INFO] Inference mode: forcing device to CPU
[INFO] Loading test data for inference...
[INFO] Loaded artifacts for modalities: ['gex']
[INFO] gex: Ignoring 3101 extra features not in training
[INFO] Test dataset loaded: 1162 samples
[INFO] Moving model to cuda for finetuning
[INFO] FineTuner: model currently on device=cuda:0, cuda_available=True
[INFO] average 5-fold cross-validation loss 2.665014314651489 for learning rate: 0.001562069367563987 freeze {'encoders': True, 'supervisors': False}, average epochs 23
[INFO] average 5-fold cross-validation loss 3.0077383518218994 for learning rate: 0.001562069367563987 freeze {'encoders': False, 'supervisors': True}, average epochs 14
[INFO] average 5-fold cross-validation loss 3.130469560623169 for learning rate: 0.001562069367563987 freeze {'encoders': False, 'supervisors': False}, average epochs 13
[INFO] average 5-fold cross-validation loss 5.573814964294433 for learning rate: 0.0001562069367563987 freeze {'encoders': True, 'supervisors': False}, average epochs 18
[INFO] average 5-fold cross-validation loss 2.944926357269287 for learning rate: 0.0001562069367563987 freeze {'encoders': False, 'supervisors': True}, average epochs 24
[INFO] average 5-fold cross-validation loss 2.9005598545074465 for learning rate: 0.0001562069367563987 freeze {'encoders': False, 'supervisors': False}, average epochs 29
[INFO] average 5-fold cross-validation loss 7.0720139503479 for learning rate: 1.562069367563987e-05 freeze {'encoders': True, 'supervisors': False}, average epochs 6
[INFO] average 5-fold cross-validation loss 4.751660346984863 for learning rate: 1.562069367563987e-05 freeze {'encoders': False, 'supervisors': True}, average epochs 23
[INFO] average 5-fold cross-validation loss 4.587875699996948 for learning rate: 1.562069367563987e-05 freeze {'encoders': False, 'supervisors': False}, average epochs 26
Best learning rate: 0.001562069367563987 and freeze {'encoders': True, 'supervisors': False} with average validation loss: 2.665014314651489 and average epochs: 23
┏━━━┳━━━━━━━━━━━━━━━━┳━━━━━━━━━━━━━━━━┳━━━━━━━━┳━━━━━━┳━━━━━━━┓
┃   ┃ Name           ┃ Type           ┃ Params ┃ Mode ┃ FLOPs ┃
┡━━━╇━━━━━━━━━━━━━━━━╇━━━━━━━━━━━━━━━━╇━━━━━━━━╇━━━━━━╇━━━━━━━┩
│ 0 │ original_model │ supervised_vae │  133 M │ eval │     0 │
│ 1 │ model          │ supervised_vae │  133 M │ eval │     0 │
└───┴────────────────┴────────────────┴────────┴──────┴───────┘
Trainable params: 200 M                                                         
Non-trainable params: 67.1 M                                                    
Total params: 267 M                                                             
Total estimated model params size (MB): 1,070.358                               
Modules in train mode: 0                                                        
Modules in eval mode: 52                                                        
Total FLOPs: 0                                                                  
Epoch 22/22 ━━━━━━━━━━━━━━━━━━━━ 6/6 0:00:00 • 0:00:00 28.79it/s val_loss: 1.775
/home/mgiller/miniforge3/envs/flexenv/lib/python3.11/site-packages/sklearn/metrics/_classification.py:2939: UserWarning: y_pred contains classes not in y_true
[INFO] Extracting sample embeddings
[INFO] Computing model evaluation metrics
[INFO] Finetuned model saved to /data/local/mgiller/atlas_tissue_representation/size_filterd/Resampled/resample_3/175_FinetuneSamples_resample_run_3.final_model.pth
Running array task 6 with 175 Subsamplerun 4 samples on sl-akali-p-cs2
/home/mgiller/miniforge3/envs/flexenv/lib/python3.11/site-packages/sklearn/utils/validation.py:2827: UserWarning: X does not have valid feature names, but StandardScaler was fitted with feature names
/home/mgiller/miniforge3/envs/flexenv/lib/python3.11/site-packages/sklearn/utils/validation.py:2827: UserWarning: X does not have valid feature names, but OrdinalEncoder was fitted with feature names
[rank: 0] Seed set to 42
/home/mgiller/miniforge3/envs/flexenv/lib/python3.11/site-packages/lightning/fabric/plugins/environments/slurm.py:204: PossibleUserWarning: The `srun` command is available on your system but is not used. HINT: If your intention is to run Lightning on SLURM, prepend your python command with `srun` like so: srun python3.11 /home/mgiller/miniforge3/envs/flexenv/bin/flexyn ...
/home/mgiller/miniforge3/envs/flexenv/lib/python3.11/site-packages/lightning/pytorch/utilities/data.py:79: UserWarning: Trying to infer the `batch_size` from an ambiguous collection. The batch size we found is 32. To avoid any miscalculations, use `self.log(..., batch_size=batch_size)`.
/home/mgiller/miniforge3/envs/flexenv/lib/python3.11/site-packages/lightning/pytorch/utilities/data.py:79: UserWarning: Trying to infer the `batch_size` from an ambiguous collection. The batch size we found is 3. To avoid any miscalculations, use `self.log(..., batch_size=batch_size)`.
/home/mgiller/miniforge3/envs/flexenv/lib/python3.11/site-packages/lightning/pytorch/loops/fit_loop.py:538: PossibleUserWarning: Found 52 module(s) in eval mode at the start of training. This may lead to unexpected behavior during training. If this is intentional, you can ignore this warning.
[INFO] Inference mode: forcing device to CPU
[INFO] Loading test data for inference...
[INFO] Loaded artifacts for modalities: ['gex']
[INFO] gex: Ignoring 3101 extra features not in training
[INFO] Test dataset loaded: 1162 samples
[INFO] Moving model to cuda for finetuning
[INFO] FineTuner: model currently on device=cuda:0, cuda_available=True
[INFO] average 5-fold cross-validation loss 2.5373474597930907 for learning rate: 0.001562069367563987 freeze {'encoders': True, 'supervisors': False}, average epochs 21
[INFO] average 5-fold cross-validation loss 3.3751553535461425 for learning rate: 0.001562069367563987 freeze {'encoders': False, 'supervisors': True}, average epochs 7
[INFO] average 5-fold cross-validation loss 3.145233154296875 for learning rate: 0.001562069367563987 freeze {'encoders': False, 'supervisors': False}, average epochs 9
[INFO] average 5-fold cross-validation loss 5.527465438842773 for learning rate: 0.0001562069367563987 freeze {'encoders': True, 'supervisors': False}, average epochs 16
[INFO] average 5-fold cross-validation loss 2.9062626361846924 for learning rate: 0.0001562069367563987 freeze {'encoders': False, 'supervisors': True}, average epochs 23
[INFO] average 5-fold cross-validation loss 2.8447781562805177 for learning rate: 0.0001562069367563987 freeze {'encoders': False, 'supervisors': False}, average epochs 22
[INFO] average 5-fold cross-validation loss 6.849224376678467 for learning rate: 1.562069367563987e-05 freeze {'encoders': True, 'supervisors': False}, average epochs 5
[INFO] average 5-fold cross-validation loss 4.445234584808349 for learning rate: 1.562069367563987e-05 freeze {'encoders': False, 'supervisors': True}, average epochs 24
[INFO] average 5-fold cross-validation loss 4.596816825866699 for learning rate: 1.562069367563987e-05 freeze {'encoders': False, 'supervisors': False}, average epochs 20
Best learning rate: 0.001562069367563987 and freeze {'encoders': True, 'supervisors': False} with average validation loss: 2.5373474597930907 and average epochs: 21
┏━━━┳━━━━━━━━━━━━━━━━┳━━━━━━━━━━━━━━━━┳━━━━━━━━┳━━━━━━┳━━━━━━━┓
┃   ┃ Name           ┃ Type           ┃ Params ┃ Mode ┃ FLOPs ┃
┡━━━╇━━━━━━━━━━━━━━━━╇━━━━━━━━━━━━━━━━╇━━━━━━━━╇━━━━━━╇━━━━━━━┩
│ 0 │ original_model │ supervised_vae │  133 M │ eval │     0 │
│ 1 │ model          │ supervised_vae │  133 M │ eval │     0 │
└───┴────────────────┴────────────────┴────────┴──────┴───────┘
Trainable params: 200 M                                                         
Non-trainable params: 67.1 M                                                    
Total params: 267 M                                                             
Total estimated model params size (MB): 1,070.358                               
Modules in train mode: 0                                                        
Modules in eval mode: 52                                                        
Total FLOPs: 0                                                                  
Epoch 20/20 ━━━━━━━━━━━━━━━━━━━━ 6/6 0:00:00 • 0:00:00 28.78it/s val_loss: 1.944
/home/mgiller/miniforge3/envs/flexenv/lib/python3.11/site-packages/sklearn/metrics/_classification.py:2939: UserWarning: y_pred contains classes not in y_true
[INFO] Extracting sample embeddings
[INFO] Computing model evaluation metrics
[INFO] Finetuned model saved to /data/local/mgiller/atlas_tissue_representation/size_filterd/Resampled/resample_4/175_FinetuneSamples_resample_run_4.final_model.pth
Running array task 6 with 175 Subsamplerun 5 samples on sl-akali-p-cs2
/home/mgiller/miniforge3/envs/flexenv/lib/python3.11/site-packages/sklearn/utils/validation.py:2827: UserWarning: X does not have valid feature names, but StandardScaler was fitted with feature names
/home/mgiller/miniforge3/envs/flexenv/lib/python3.11/site-packages/sklearn/utils/validation.py:2827: UserWarning: X does not have valid feature names, but OrdinalEncoder was fitted with feature names
[rank: 0] Seed set to 42
/home/mgiller/miniforge3/envs/flexenv/lib/python3.11/site-packages/lightning/fabric/plugins/environments/slurm.py:204: PossibleUserWarning: The `srun` command is available on your system but is not used. HINT: If your intention is to run Lightning on SLURM, prepend your python command with `srun` like so: srun python3.11 /home/mgiller/miniforge3/envs/flexenv/bin/flexyn ...
/home/mgiller/miniforge3/envs/flexenv/lib/python3.11/site-packages/lightning/pytorch/utilities/data.py:79: UserWarning: Trying to infer the `batch_size` from an ambiguous collection. The batch size we found is 32. To avoid any miscalculations, use `self.log(..., batch_size=batch_size)`.
/home/mgiller/miniforge3/envs/flexenv/lib/python3.11/site-packages/lightning/pytorch/utilities/data.py:79: UserWarning: Trying to infer the `batch_size` from an ambiguous collection. The batch size we found is 3. To avoid any miscalculations, use `self.log(..., batch_size=batch_size)`.
/home/mgiller/miniforge3/envs/flexenv/lib/python3.11/site-packages/lightning/pytorch/loops/fit_loop.py:538: PossibleUserWarning: Found 52 module(s) in eval mode at the start of training. This may lead to unexpected behavior during training. If this is intentional, you can ignore this warning.
[INFO] Inference mode: forcing device to CPU
[INFO] Loading test data for inference...
[INFO] Loaded artifacts for modalities: ['gex']
[INFO] gex: Ignoring 3101 extra features not in training
[INFO] Test dataset loaded: 1162 samples
[INFO] Moving model to cuda for finetuning
[INFO] FineTuner: model currently on device=cuda:0, cuda_available=True
[INFO] average 5-fold cross-validation loss 2.472802448272705 for learning rate: 0.001562069367563987 freeze {'encoders': True, 'supervisors': False}, average epochs 20
[INFO] average 5-fold cross-validation loss 3.0424988746643065 for learning rate: 0.001562069367563987 freeze {'encoders': False, 'supervisors': True}, average epochs 11
[INFO] average 5-fold cross-validation loss 2.7171967029571533 for learning rate: 0.001562069367563987 freeze {'encoders': False, 'supervisors': False}, average epochs 9
[INFO] average 5-fold cross-validation loss 5.002199506759643 for learning rate: 0.0001562069367563987 freeze {'encoders': True, 'supervisors': False}, average epochs 17
[INFO] average 5-fold cross-validation loss 2.8906558036804197 for learning rate: 0.0001562069367563987 freeze {'encoders': False, 'supervisors': True}, average epochs 19
[INFO] average 5-fold cross-validation loss 2.957995367050171 for learning rate: 0.0001562069367563987 freeze {'encoders': False, 'supervisors': False}, average epochs 15
[INFO] average 5-fold cross-validation loss 6.18565788269043 for learning rate: 1.562069367563987e-05 freeze {'encoders': True, 'supervisors': False}, average epochs 4
[INFO] average 5-fold cross-validation loss 3.902192401885986 for learning rate: 1.562069367563987e-05 freeze {'encoders': False, 'supervisors': True}, average epochs 23
[INFO] average 5-fold cross-validation loss 3.9967419624328615 for learning rate: 1.562069367563987e-05 freeze {'encoders': False, 'supervisors': False}, average epochs 19
Best learning rate: 0.001562069367563987 and freeze {'encoders': True, 'supervisors': False} with average validation loss: 2.472802448272705 and average epochs: 20
┏━━━┳━━━━━━━━━━━━━━━━┳━━━━━━━━━━━━━━━━┳━━━━━━━━┳━━━━━━┳━━━━━━━┓
┃   ┃ Name           ┃ Type           ┃ Params ┃ Mode ┃ FLOPs ┃
┡━━━╇━━━━━━━━━━━━━━━━╇━━━━━━━━━━━━━━━━╇━━━━━━━━╇━━━━━━╇━━━━━━━┩
│ 0 │ original_model │ supervised_vae │  133 M │ eval │     0 │
│ 1 │ model          │ supervised_vae │  133 M │ eval │     0 │
└───┴────────────────┴────────────────┴────────┴──────┴───────┘
Trainable params: 200 M                                                         
Non-trainable params: 67.1 M                                                    
Total params: 267 M                                                             
Total estimated model params size (MB): 1,070.358                               
Modules in train mode: 0                                                        
Modules in eval mode: 52                                                        
Total FLOPs: 0                                                                  
Epoch 19/19 ━━━━━━━━━━━━━━━━━━━━ 6/6 0:00:00 • 0:00:00 28.85it/s val_loss: 1.527
/home/mgiller/miniforge3/envs/flexenv/lib/python3.11/site-packages/sklearn/metrics/_classification.py:2939: UserWarning: y_pred contains classes not in y_true
[INFO] Extracting sample embeddings
[INFO] Computing model evaluation metrics
[INFO] Finetuned model saved to /data/local/mgiller/atlas_tissue_representation/size_filterd/Resampled/resample_5/175_FinetuneSamples_resample_run_5.final_model.pth
Running array task 6 with 175 Subsamplerun 6 samples on sl-akali-p-cs2
/home/mgiller/miniforge3/envs/flexenv/lib/python3.11/site-packages/sklearn/utils/validation.py:2827: UserWarning: X does not have valid feature names, but StandardScaler was fitted with feature names
/home/mgiller/miniforge3/envs/flexenv/lib/python3.11/site-packages/sklearn/utils/validation.py:2827: UserWarning: X does not have valid feature names, but OrdinalEncoder was fitted with feature names
[rank: 0] Seed set to 42
/home/mgiller/miniforge3/envs/flexenv/lib/python3.11/site-packages/lightning/fabric/plugins/environments/slurm.py:204: PossibleUserWarning: The `srun` command is available on your system but is not used. HINT: If your intention is to run Lightning on SLURM, prepend your python command with `srun` like so: srun python3.11 /home/mgiller/miniforge3/envs/flexenv/bin/flexyn ...
/home/mgiller/miniforge3/envs/flexenv/lib/python3.11/site-packages/lightning/pytorch/utilities/data.py:79: UserWarning: Trying to infer the `batch_size` from an ambiguous collection. The batch size we found is 32. To avoid any miscalculations, use `self.log(..., batch_size=batch_size)`.
/home/mgiller/miniforge3/envs/flexenv/lib/python3.11/site-packages/lightning/pytorch/utilities/data.py:79: UserWarning: Trying to infer the `batch_size` from an ambiguous collection. The batch size we found is 3. To avoid any miscalculations, use `self.log(..., batch_size=batch_size)`.
/home/mgiller/miniforge3/envs/flexenv/lib/python3.11/site-packages/lightning/pytorch/loops/fit_loop.py:538: PossibleUserWarning: Found 52 module(s) in eval mode at the start of training. This may lead to unexpected behavior during training. If this is intentional, you can ignore this warning.
[INFO] Inference mode: forcing device to CPU
[INFO] Loading test data for inference...
[INFO] Loaded artifacts for modalities: ['gex']
[INFO] gex: Ignoring 3101 extra features not in training
[INFO] Test dataset loaded: 1162 samples
[INFO] Moving model to cuda for finetuning
[INFO] FineTuner: model currently on device=cuda:0, cuda_available=True
[INFO] average 5-fold cross-validation loss 2.6456170082092285 for learning rate: 0.001562069367563987 freeze {'encoders': True, 'supervisors': False}, average epochs 17
[INFO] average 5-fold cross-validation loss 3.1155818939208983 for learning rate: 0.001562069367563987 freeze {'encoders': False, 'supervisors': True}, average epochs 11
[INFO] average 5-fold cross-validation loss 2.9196181774139403 for learning rate: 0.001562069367563987 freeze {'encoders': False, 'supervisors': False}, average epochs 13
[INFO] average 5-fold cross-validation loss 5.660787677764892 for learning rate: 0.0001562069367563987 freeze {'encoders': True, 'supervisors': False}, average epochs 15
[INFO] average 5-fold cross-validation loss 3.2995122909545898 for learning rate: 0.0001562069367563987 freeze {'encoders': False, 'supervisors': True}, average epochs 14
[INFO] average 5-fold cross-validation loss 3.219760799407959 for learning rate: 0.0001562069367563987 freeze {'encoders': False, 'supervisors': False}, average epochs 15
[INFO] average 5-fold cross-validation loss 6.867757654190063 for learning rate: 1.562069367563987e-05 freeze {'encoders': True, 'supervisors': False}, average epochs 5
[INFO] average 5-fold cross-validation loss 4.370741271972657 for learning rate: 1.562069367563987e-05 freeze {'encoders': False, 'supervisors': True}, average epochs 22
[INFO] average 5-fold cross-validation loss 4.599477100372314 for learning rate: 1.562069367563987e-05 freeze {'encoders': False, 'supervisors': False}, average epochs 16
Best learning rate: 0.001562069367563987 and freeze {'encoders': True, 'supervisors': False} with average validation loss: 2.6456170082092285 and average epochs: 17
┏━━━┳━━━━━━━━━━━━━━━━┳━━━━━━━━━━━━━━━━┳━━━━━━━━┳━━━━━━┳━━━━━━━┓
┃   ┃ Name           ┃ Type           ┃ Params ┃ Mode ┃ FLOPs ┃
┡━━━╇━━━━━━━━━━━━━━━━╇━━━━━━━━━━━━━━━━╇━━━━━━━━╇━━━━━━╇━━━━━━━┩
│ 0 │ original_model │ supervised_vae │  133 M │ eval │     0 │
│ 1 │ model          │ supervised_vae │  133 M │ eval │     0 │
└───┴────────────────┴────────────────┴────────┴──────┴───────┘
Trainable params: 200 M                                                         
Non-trainable params: 67.1 M                                                    
Total params: 267 M                                                             
Total estimated model params size (MB): 1,070.358                               
Modules in train mode: 0                                                        
Modules in eval mode: 52                                                        
Total FLOPs: 0                                                                  
Epoch 16/16 ━━━━━━━━━━━━━━━━━━━━ 6/6 0:00:00 • 0:00:00 28.80it/s val_loss: 2.236
/home/mgiller/miniforge3/envs/flexenv/lib/python3.11/site-packages/sklearn/metrics/_classification.py:2939: UserWarning: y_pred contains classes not in y_true
[INFO] Extracting sample embeddings
[INFO] Computing model evaluation metrics
[INFO] Finetuned model saved to /data/local/mgiller/atlas_tissue_representation/size_filterd/Resampled/resample_6/175_FinetuneSamples_resample_run_6.final_model.pth
Running array task 6 with 175 Subsamplerun 7 samples on sl-akali-p-cs2
/home/mgiller/miniforge3/envs/flexenv/lib/python3.11/site-packages/sklearn/utils/validation.py:2827: UserWarning: X does not have valid feature names, but StandardScaler was fitted with feature names
/home/mgiller/miniforge3/envs/flexenv/lib/python3.11/site-packages/sklearn/utils/validation.py:2827: UserWarning: X does not have valid feature names, but OrdinalEncoder was fitted with feature names
[rank: 0] Seed set to 42
/home/mgiller/miniforge3/envs/flexenv/lib/python3.11/site-packages/lightning/fabric/plugins/environments/slurm.py:204: PossibleUserWarning: The `srun` command is available on your system but is not used. HINT: If your intention is to run Lightning on SLURM, prepend your python command with `srun` like so: srun python3.11 /home/mgiller/miniforge3/envs/flexenv/bin/flexyn ...
/home/mgiller/miniforge3/envs/flexenv/lib/python3.11/site-packages/lightning/pytorch/utilities/data.py:79: UserWarning: Trying to infer the `batch_size` from an ambiguous collection. The batch size we found is 32. To avoid any miscalculations, use `self.log(..., batch_size=batch_size)`.
/home/mgiller/miniforge3/envs/flexenv/lib/python3.11/site-packages/lightning/pytorch/utilities/data.py:79: UserWarning: Trying to infer the `batch_size` from an ambiguous collection. The batch size we found is 3. To avoid any miscalculations, use `self.log(..., batch_size=batch_size)`.
/home/mgiller/miniforge3/envs/flexenv/lib/python3.11/site-packages/lightning/pytorch/loops/fit_loop.py:538: PossibleUserWarning: Found 52 module(s) in eval mode at the start of training. This may lead to unexpected behavior during training. If this is intentional, you can ignore this warning.
[INFO] Inference mode: forcing device to CPU
[INFO] Loading test data for inference...
[INFO] Loaded artifacts for modalities: ['gex']
[INFO] gex: Ignoring 3101 extra features not in training
[INFO] Test dataset loaded: 1162 samples
[INFO] Moving model to cuda for finetuning
[INFO] FineTuner: model currently on device=cuda:0, cuda_available=True
[INFO] average 5-fold cross-validation loss 2.3601736545562746 for learning rate: 0.001562069367563987 freeze {'encoders': True, 'supervisors': False}, average epochs 23
[INFO] average 5-fold cross-validation loss 3.177677869796753 for learning rate: 0.001562069367563987 freeze {'encoders': False, 'supervisors': True}, average epochs 15
[INFO] average 5-fold cross-validation loss 2.7838250637054442 for learning rate: 0.001562069367563987 freeze {'encoders': False, 'supervisors': False}, average epochs 14
[INFO] average 5-fold cross-validation loss 4.40755181312561 for learning rate: 0.0001562069367563987 freeze {'encoders': True, 'supervisors': False}, average epochs 18
[INFO] average 5-fold cross-validation loss 3.1378995895385744 for learning rate: 0.0001562069367563987 freeze {'encoders': False, 'supervisors': True}, average epochs 19
[INFO] average 5-fold cross-validation loss 2.82487530708313 for learning rate: 0.0001562069367563987 freeze {'encoders': False, 'supervisors': False}, average epochs 21
[INFO] average 5-fold cross-validation loss 7.368033027648925 for learning rate: 1.562069367563987e-05 freeze {'encoders': True, 'supervisors': False}, average epochs 4
[INFO] average 5-fold cross-validation loss 4.684035778045654 for learning rate: 1.562069367563987e-05 freeze {'encoders': False, 'supervisors': True}, average epochs 25
[INFO] average 5-fold cross-validation loss 4.848425769805909 for learning rate: 1.562069367563987e-05 freeze {'encoders': False, 'supervisors': False}, average epochs 14
Best learning rate: 0.001562069367563987 and freeze {'encoders': True, 'supervisors': False} with average validation loss: 2.3601736545562746 and average epochs: 23
┏━━━┳━━━━━━━━━━━━━━━━┳━━━━━━━━━━━━━━━━┳━━━━━━━━┳━━━━━━┳━━━━━━━┓
┃   ┃ Name           ┃ Type           ┃ Params ┃ Mode ┃ FLOPs ┃
┡━━━╇━━━━━━━━━━━━━━━━╇━━━━━━━━━━━━━━━━╇━━━━━━━━╇━━━━━━╇━━━━━━━┩
│ 0 │ original_model │ supervised_vae │  133 M │ eval │     0 │
│ 1 │ model          │ supervised_vae │  133 M │ eval │     0 │
└───┴────────────────┴────────────────┴────────┴──────┴───────┘
Trainable params: 200 M                                                         
Non-trainable params: 67.1 M                                                    
Total params: 267 M                                                             
Total estimated model params size (MB): 1,070.358                               
Modules in train mode: 0                                                        
Modules in eval mode: 52                                                        
Total FLOPs: 0                                                                  
Epoch 22/22 ━━━━━━━━━━━━━━━━━━━━ 6/6 0:00:00 • 0:00:00 28.82it/s val_loss: 2.017
/home/mgiller/miniforge3/envs/flexenv/lib/python3.11/site-packages/sklearn/metrics/_classification.py:2939: UserWarning: y_pred contains classes not in y_true
[INFO] Extracting sample embeddings
[INFO] Computing model evaluation metrics
[INFO] Finetuned model saved to /data/local/mgiller/atlas_tissue_representation/size_filterd/Resampled/resample_7/175_FinetuneSamples_resample_run_7.final_model.pth
Running array task 6 with 175 Subsamplerun 8 samples on sl-akali-p-cs2
/home/mgiller/miniforge3/envs/flexenv/lib/python3.11/site-packages/sklearn/utils/validation.py:2827: UserWarning: X does not have valid feature names, but StandardScaler was fitted with feature names
/home/mgiller/miniforge3/envs/flexenv/lib/python3.11/site-packages/sklearn/utils/validation.py:2827: UserWarning: X does not have valid feature names, but OrdinalEncoder was fitted with feature names
[rank: 0] Seed set to 42
/home/mgiller/miniforge3/envs/flexenv/lib/python3.11/site-packages/lightning/fabric/plugins/environments/slurm.py:204: PossibleUserWarning: The `srun` command is available on your system but is not used. HINT: If your intention is to run Lightning on SLURM, prepend your python command with `srun` like so: srun python3.11 /home/mgiller/miniforge3/envs/flexenv/bin/flexyn ...
/home/mgiller/miniforge3/envs/flexenv/lib/python3.11/site-packages/lightning/pytorch/utilities/data.py:79: UserWarning: Trying to infer the `batch_size` from an ambiguous collection. The batch size we found is 32. To avoid any miscalculations, use `self.log(..., batch_size=batch_size)`.
/home/mgiller/miniforge3/envs/flexenv/lib/python3.11/site-packages/lightning/pytorch/utilities/data.py:79: UserWarning: Trying to infer the `batch_size` from an ambiguous collection. The batch size we found is 3. To avoid any miscalculations, use `self.log(..., batch_size=batch_size)`.
/home/mgiller/miniforge3/envs/flexenv/lib/python3.11/site-packages/lightning/pytorch/loops/fit_loop.py:538: PossibleUserWarning: Found 52 module(s) in eval mode at the start of training. This may lead to unexpected behavior during training. If this is intentional, you can ignore this warning.
[INFO] Inference mode: forcing device to CPU
[INFO] Loading test data for inference...
[INFO] Loaded artifacts for modalities: ['gex']
[INFO] gex: Ignoring 3101 extra features not in training
[INFO] Test dataset loaded: 1162 samples
[INFO] Moving model to cuda for finetuning
[INFO] FineTuner: model currently on device=cuda:0, cuda_available=True
[INFO] average 5-fold cross-validation loss 2.5593750953674315 for learning rate: 0.001562069367563987 freeze {'encoders': True, 'supervisors': False}, average epochs 18
[INFO] average 5-fold cross-validation loss 2.5167532920837403 for learning rate: 0.001562069367563987 freeze {'encoders': False, 'supervisors': True}, average epochs 11
[INFO] average 5-fold cross-validation loss 2.553714227676392 for learning rate: 0.001562069367563987 freeze {'encoders': False, 'supervisors': False}, average epochs 11
[INFO] average 5-fold cross-validation loss 5.172418737411499 for learning rate: 0.0001562069367563987 freeze {'encoders': True, 'supervisors': False}, average epochs 15
[INFO] average 5-fold cross-validation loss 2.563775396347046 for learning rate: 0.0001562069367563987 freeze {'encoders': False, 'supervisors': True}, average epochs 27
[INFO] average 5-fold cross-validation loss 2.512338876724243 for learning rate: 0.0001562069367563987 freeze {'encoders': False, 'supervisors': False}, average epochs 16
[INFO] average 5-fold cross-validation loss 6.286960315704346 for learning rate: 1.562069367563987e-05 freeze {'encoders': True, 'supervisors': False}, average epochs 5
[INFO] average 5-fold cross-validation loss 3.900543737411499 for learning rate: 1.562069367563987e-05 freeze {'encoders': False, 'supervisors': True}, average epochs 26
[INFO] average 5-fold cross-validation loss 4.030094385147095 for learning rate: 1.562069367563987e-05 freeze {'encoders': False, 'supervisors': False}, average epochs 23
Best learning rate: 0.0001562069367563987 and freeze {'encoders': False, 'supervisors': False} with average validation loss: 2.512338876724243 and average epochs: 16
┏━━━┳━━━━━━━━━━━━━━━━┳━━━━━━━━━━━━━━━━┳━━━━━━━━┳━━━━━━┳━━━━━━━┓
┃   ┃ Name           ┃ Type           ┃ Params ┃ Mode ┃ FLOPs ┃
┡━━━╇━━━━━━━━━━━━━━━━╇━━━━━━━━━━━━━━━━╇━━━━━━━━╇━━━━━━╇━━━━━━━┩
│ 0 │ original_model │ supervised_vae │  133 M │ eval │     0 │
│ 1 │ model          │ supervised_vae │  133 M │ eval │     0 │
└───┴────────────────┴────────────────┴────────┴──────┴───────┘
Trainable params: 267 M                                                         
Non-trainable params: 0                                                         
Total params: 267 M                                                             
Total estimated model params size (MB): 1,070.358                               
Modules in train mode: 0                                                        
Modules in eval mode: 52                                                        
Total FLOPs: 0                                                                  
Epoch 15/15 ━━━━━━━━━━━━━━━━━━━━ 6/6 0:00:00 • 0:00:00 17.31it/s val_loss: 2.268
/home/mgiller/miniforge3/envs/flexenv/lib/python3.11/site-packages/sklearn/metrics/_classification.py:2939: UserWarning: y_pred contains classes not in y_true
[INFO] Extracting sample embeddings
[INFO] Computing model evaluation metrics
[INFO] Finetuned model saved to /data/local/mgiller/atlas_tissue_representation/size_filterd/Resampled/resample_8/175_FinetuneSamples_resample_run_8.final_model.pth
Running array task 6 with 175 Subsamplerun 9 samples on sl-akali-p-cs2
/home/mgiller/miniforge3/envs/flexenv/lib/python3.11/site-packages/sklearn/utils/validation.py:2827: UserWarning: X does not have valid feature names, but StandardScaler was fitted with feature names
/home/mgiller/miniforge3/envs/flexenv/lib/python3.11/site-packages/sklearn/utils/validation.py:2827: UserWarning: X does not have valid feature names, but OrdinalEncoder was fitted with feature names
[rank: 0] Seed set to 42
/home/mgiller/miniforge3/envs/flexenv/lib/python3.11/site-packages/lightning/fabric/plugins/environments/slurm.py:204: PossibleUserWarning: The `srun` command is available on your system but is not used. HINT: If your intention is to run Lightning on SLURM, prepend your python command with `srun` like so: srun python3.11 /home/mgiller/miniforge3/envs/flexenv/bin/flexyn ...
/home/mgiller/miniforge3/envs/flexenv/lib/python3.11/site-packages/lightning/pytorch/utilities/data.py:79: UserWarning: Trying to infer the `batch_size` from an ambiguous collection. The batch size we found is 32. To avoid any miscalculations, use `self.log(..., batch_size=batch_size)`.
/home/mgiller/miniforge3/envs/flexenv/lib/python3.11/site-packages/lightning/pytorch/utilities/data.py:79: UserWarning: Trying to infer the `batch_size` from an ambiguous collection. The batch size we found is 3. To avoid any miscalculations, use `self.log(..., batch_size=batch_size)`.
/home/mgiller/miniforge3/envs/flexenv/lib/python3.11/site-packages/lightning/pytorch/loops/fit_loop.py:538: PossibleUserWarning: Found 52 module(s) in eval mode at the start of training. This may lead to unexpected behavior during training. If this is intentional, you can ignore this warning.
[INFO] Inference mode: forcing device to CPU
[INFO] Loading test data for inference...
[INFO] Loaded artifacts for modalities: ['gex']
[INFO] gex: Ignoring 3101 extra features not in training
[INFO] Test dataset loaded: 1162 samples
[INFO] Moving model to cuda for finetuning
[INFO] FineTuner: model currently on device=cuda:0, cuda_available=True
[INFO] average 5-fold cross-validation loss 2.3266608476638795 for learning rate: 0.001562069367563987 freeze {'encoders': True, 'supervisors': False}, average epochs 19
[INFO] average 5-fold cross-validation loss 2.714976692199707 for learning rate: 0.001562069367563987 freeze {'encoders': False, 'supervisors': True}, average epochs 11
[INFO] average 5-fold cross-validation loss 2.757898235321045 for learning rate: 0.001562069367563987 freeze {'encoders': False, 'supervisors': False}, average epochs 9
[INFO] average 5-fold cross-validation loss 4.851227045059204 for learning rate: 0.0001562069367563987 freeze {'encoders': True, 'supervisors': False}, average epochs 24
[INFO] average 5-fold cross-validation loss 2.814802408218384 for learning rate: 0.0001562069367563987 freeze {'encoders': False, 'supervisors': True}, average epochs 19
[INFO] average 5-fold cross-validation loss 2.8779562950134276 for learning rate: 0.0001562069367563987 freeze {'encoders': False, 'supervisors': False}, average epochs 18
[INFO] average 5-fold cross-validation loss 7.1136750221252445 for learning rate: 1.562069367563987e-05 freeze {'encoders': True, 'supervisors': False}, average epochs 4
[INFO] average 5-fold cross-validation loss 4.013608074188232 for learning rate: 1.562069367563987e-05 freeze {'encoders': False, 'supervisors': True}, average epochs 25
[INFO] average 5-fold cross-validation loss 4.121370553970337 for learning rate: 1.562069367563987e-05 freeze {'encoders': False, 'supervisors': False}, average epochs 23
Best learning rate: 0.001562069367563987 and freeze {'encoders': True, 'supervisors': False} with average validation loss: 2.3266608476638795 and average epochs: 19
┏━━━┳━━━━━━━━━━━━━━━━┳━━━━━━━━━━━━━━━━┳━━━━━━━━┳━━━━━━┳━━━━━━━┓
┃   ┃ Name           ┃ Type           ┃ Params ┃ Mode ┃ FLOPs ┃
┡━━━╇━━━━━━━━━━━━━━━━╇━━━━━━━━━━━━━━━━╇━━━━━━━━╇━━━━━━╇━━━━━━━┩
│ 0 │ original_model │ supervised_vae │  133 M │ eval │     0 │
│ 1 │ model          │ supervised_vae │  133 M │ eval │     0 │
└───┴────────────────┴────────────────┴────────┴──────┴───────┘
Trainable params: 200 M                                                         
Non-trainable params: 67.1 M                                                    
Total params: 267 M                                                             
Total estimated model params size (MB): 1,070.358                               
Modules in train mode: 0                                                        
Modules in eval mode: 52                                                        
Total FLOPs: 0                                                                  
Epoch 18/18 ━━━━━━━━━━━━━━━━━━━━ 6/6 0:00:00 • 0:00:00 28.80it/s val_loss: 1.464
/home/mgiller/miniforge3/envs/flexenv/lib/python3.11/site-packages/sklearn/metrics/_classification.py:2939: UserWarning: y_pred contains classes not in y_true
[INFO] Extracting sample embeddings
[INFO] Computing model evaluation metrics
[INFO] Finetuned model saved to /data/local/mgiller/atlas_tissue_representation/size_filterd/Resampled/resample_9/175_FinetuneSamples_resample_run_9.final_model.pth
