Running array task 1 with 50 samples on sl-akali-p-cs2
Running array task 1 with 50 Subsamplerun 1 samples on sl-akali-p-cs2
/home/mgiller/miniforge3/envs/flexenv/lib/python3.11/site-packages/sklearn/utils/validation.py:2827: UserWarning: X does not have valid feature names, but StandardScaler was fitted with feature names
/home/mgiller/miniforge3/envs/flexenv/lib/python3.11/site-packages/sklearn/utils/validation.py:2827: UserWarning: X does not have valid feature names, but OrdinalEncoder was fitted with feature names
[rank: 0] Seed set to 42
/home/mgiller/miniforge3/envs/flexenv/lib/python3.11/site-packages/lightning/fabric/plugins/environments/slurm.py:204: PossibleUserWarning: The `srun` command is available on your system but is not used. HINT: If your intention is to run Lightning on SLURM, prepend your python command with `srun` like so: srun python3.11 /home/mgiller/miniforge3/envs/flexenv/bin/flexyn ...
/home/mgiller/miniforge3/envs/flexenv/lib/python3.11/site-packages/lightning/pytorch/utilities/data.py:79: UserWarning: Trying to infer the `batch_size` from an ambiguous collection. The batch size we found is 10. To avoid any miscalculations, use `self.log(..., batch_size=batch_size)`.
/home/mgiller/miniforge3/envs/flexenv/lib/python3.11/site-packages/lightning/pytorch/loops/fit_loop.py:538: PossibleUserWarning: Found 52 module(s) in eval mode at the start of training. This may lead to unexpected behavior during training. If this is intentional, you can ignore this warning.
[INFO] Inference mode: forcing device to CPU
[INFO] Loading test data for inference...
[INFO] Loaded artifacts for modalities: ['gex']
[INFO] gex: Ignoring 3101 extra features not in training
[INFO] Test dataset loaded: 1162 samples
[INFO] Finetuning the model on  50 test samples
[INFO] Moving model to cuda for finetuning
[INFO] FineTuner: model currently on device=cuda:0, cuda_available=True
[INFO] average 5-fold cross-validation loss 3.195895528793335 for learning rate: 0.001562069367563987 freeze {'encoders': True, 'supervisors': False}, average epochs 20
[INFO] average 5-fold cross-validation loss 4.763613271713257 for learning rate: 0.001562069367563987 freeze {'encoders': False, 'supervisors': True}, average epochs 9
[INFO] average 5-fold cross-validation loss 5.556364631652832 for learning rate: 0.001562069367563987 freeze {'encoders': False, 'supervisors': False}, average epochs 6
[INFO] average 5-fold cross-validation loss 9.302087116241456 for learning rate: 0.0001562069367563987 freeze {'encoders': True, 'supervisors': False}, average epochs 7
[INFO] average 5-fold cross-validation loss 4.871868038177491 for learning rate: 0.0001562069367563987 freeze {'encoders': False, 'supervisors': True}, average epochs 12
[INFO] average 5-fold cross-validation loss 4.751898384094238 for learning rate: 0.0001562069367563987 freeze {'encoders': False, 'supervisors': False}, average epochs 13
[INFO] average 5-fold cross-validation loss 9.566773939132691 for learning rate: 1.562069367563987e-05 freeze {'encoders': True, 'supervisors': False}, average epochs 5
[INFO] average 5-fold cross-validation loss 8.267491722106934 for learning rate: 1.562069367563987e-05 freeze {'encoders': False, 'supervisors': True}, average epochs 13
[INFO] average 5-fold cross-validation loss 9.185681819915771 for learning rate: 1.562069367563987e-05 freeze {'encoders': False, 'supervisors': False}, average epochs 5
Best learning rate: 0.001562069367563987 and freeze {'encoders': True, 'supervisors': False} with average validation loss: 3.195895528793335 and average epochs: 20
┏━━━┳━━━━━━━━━━━━━━━━┳━━━━━━━━━━━━━━━━┳━━━━━━━━┳━━━━━━┳━━━━━━━┓
┃   ┃ Name           ┃ Type           ┃ Params ┃ Mode ┃ FLOPs ┃
┡━━━╇━━━━━━━━━━━━━━━━╇━━━━━━━━━━━━━━━━╇━━━━━━━━╇━━━━━━╇━━━━━━━┩
│ 0 │ original_model │ supervised_vae │  133 M │ eval │     0 │
│ 1 │ model          │ supervised_vae │  133 M │ eval │     0 │
└───┴────────────────┴────────────────┴────────┴──────┴───────┘
Trainable params: 200 M                                                         
Non-trainable params: 67.1 M                                                    
Total params: 267 M                                                             
Total estimated model params size (MB): 1,070.358                               
Modules in train mode: 0                                                        
Modules in eval mode: 52                                                        
Total FLOPs: 0                                                                  
Epoch 19/19 ━━━━━━━━━━━━━━━━━━━━ 2/2 0:00:00 • 0:00:00 28.75it/s val_loss: 2.446
/home/mgiller/miniforge3/envs/flexenv/lib/python3.11/site-packages/sklearn/metrics/_classification.py:2939: UserWarning: y_pred contains classes not in y_true
[INFO] Extracting sample embeddings
[INFO] Computing model evaluation metrics
[INFO] Finetuned model saved to /data/local/mgiller/atlas_tissue_representation/size_filterd/geq_25_samples/resample/50_FinetuneSamples_resample_run_1.final_model.pth
Running array task 1 with 50 Subsamplerun 2 samples on sl-akali-p-cs2
/home/mgiller/miniforge3/envs/flexenv/lib/python3.11/site-packages/sklearn/utils/validation.py:2827: UserWarning: X does not have valid feature names, but StandardScaler was fitted with feature names
/home/mgiller/miniforge3/envs/flexenv/lib/python3.11/site-packages/sklearn/utils/validation.py:2827: UserWarning: X does not have valid feature names, but OrdinalEncoder was fitted with feature names
[rank: 0] Seed set to 42
/home/mgiller/miniforge3/envs/flexenv/lib/python3.11/site-packages/lightning/fabric/plugins/environments/slurm.py:204: PossibleUserWarning: The `srun` command is available on your system but is not used. HINT: If your intention is to run Lightning on SLURM, prepend your python command with `srun` like so: srun python3.11 /home/mgiller/miniforge3/envs/flexenv/bin/flexyn ...
/home/mgiller/miniforge3/envs/flexenv/lib/python3.11/site-packages/lightning/pytorch/utilities/data.py:79: UserWarning: Trying to infer the `batch_size` from an ambiguous collection. The batch size we found is 10. To avoid any miscalculations, use `self.log(..., batch_size=batch_size)`.
/home/mgiller/miniforge3/envs/flexenv/lib/python3.11/site-packages/lightning/pytorch/loops/fit_loop.py:538: PossibleUserWarning: Found 52 module(s) in eval mode at the start of training. This may lead to unexpected behavior during training. If this is intentional, you can ignore this warning.
[INFO] Inference mode: forcing device to CPU
[INFO] Loading test data for inference...
[INFO] Loaded artifacts for modalities: ['gex']
[INFO] gex: Ignoring 3101 extra features not in training
[INFO] Test dataset loaded: 1162 samples
[INFO] Finetuning the model on  50 test samples
[INFO] Moving model to cuda for finetuning
[INFO] FineTuner: model currently on device=cuda:0, cuda_available=True
[INFO] average 5-fold cross-validation loss 3.7921383380889893 for learning rate: 0.001562069367563987 freeze {'encoders': True, 'supervisors': False}, average epochs 15
[INFO] average 5-fold cross-validation loss 3.942521095275879 for learning rate: 0.001562069367563987 freeze {'encoders': False, 'supervisors': True}, average epochs 8
[INFO] average 5-fold cross-validation loss 4.16866717338562 for learning rate: 0.001562069367563987 freeze {'encoders': False, 'supervisors': False}, average epochs 6
[INFO] average 5-fold cross-validation loss 6.622416019439697 for learning rate: 0.0001562069367563987 freeze {'encoders': True, 'supervisors': False}, average epochs 4
[INFO] average 5-fold cross-validation loss 4.01544771194458 for learning rate: 0.0001562069367563987 freeze {'encoders': False, 'supervisors': True}, average epochs 10
[INFO] average 5-fold cross-validation loss 3.920943355560303 for learning rate: 0.0001562069367563987 freeze {'encoders': False, 'supervisors': False}, average epochs 10
[INFO] average 5-fold cross-validation loss 6.53502254486084 for learning rate: 1.562069367563987e-05 freeze {'encoders': True, 'supervisors': False}, average epochs 4
[INFO] average 5-fold cross-validation loss 6.376169729232788 for learning rate: 1.562069367563987e-05 freeze {'encoders': False, 'supervisors': True}, average epochs 6
[INFO] average 5-fold cross-validation loss 5.953905725479126 for learning rate: 1.562069367563987e-05 freeze {'encoders': False, 'supervisors': False}, average epochs 10
Best learning rate: 0.001562069367563987 and freeze {'encoders': True, 'supervisors': False} with average validation loss: 3.7921383380889893 and average epochs: 15
┏━━━┳━━━━━━━━━━━━━━━━┳━━━━━━━━━━━━━━━━┳━━━━━━━━┳━━━━━━┳━━━━━━━┓
┃   ┃ Name           ┃ Type           ┃ Params ┃ Mode ┃ FLOPs ┃
┡━━━╇━━━━━━━━━━━━━━━━╇━━━━━━━━━━━━━━━━╇━━━━━━━━╇━━━━━━╇━━━━━━━┩
│ 0 │ original_model │ supervised_vae │  133 M │ eval │     0 │
│ 1 │ model          │ supervised_vae │  133 M │ eval │     0 │
└───┴────────────────┴────────────────┴────────┴──────┴───────┘
Trainable params: 200 M                                                         
Non-trainable params: 67.1 M                                                    
Total params: 267 M                                                             
Total estimated model params size (MB): 1,070.358                               
Modules in train mode: 0                                                        
Modules in eval mode: 52                                                        
Total FLOPs: 0                                                                  
Epoch 14/14 ━━━━━━━━━━━━━━━━━━━━ 2/2 0:00:00 • 0:00:00 28.73it/s val_loss: 3.632
/home/mgiller/miniforge3/envs/flexenv/lib/python3.11/site-packages/sklearn/metrics/_classification.py:2939: UserWarning: y_pred contains classes not in y_true
[INFO] Extracting sample embeddings
[INFO] Computing model evaluation metrics
[INFO] Finetuned model saved to /data/local/mgiller/atlas_tissue_representation/size_filterd/geq_25_samples/resample/50_FinetuneSamples_resample_run_2.final_model.pth
Running array task 1 with 50 Subsamplerun 3 samples on sl-akali-p-cs2
/home/mgiller/miniforge3/envs/flexenv/lib/python3.11/site-packages/sklearn/utils/validation.py:2827: UserWarning: X does not have valid feature names, but StandardScaler was fitted with feature names
/home/mgiller/miniforge3/envs/flexenv/lib/python3.11/site-packages/sklearn/utils/validation.py:2827: UserWarning: X does not have valid feature names, but OrdinalEncoder was fitted with feature names
[rank: 0] Seed set to 42
/home/mgiller/miniforge3/envs/flexenv/lib/python3.11/site-packages/lightning/fabric/plugins/environments/slurm.py:204: PossibleUserWarning: The `srun` command is available on your system but is not used. HINT: If your intention is to run Lightning on SLURM, prepend your python command with `srun` like so: srun python3.11 /home/mgiller/miniforge3/envs/flexenv/bin/flexyn ...
/home/mgiller/miniforge3/envs/flexenv/lib/python3.11/site-packages/lightning/pytorch/utilities/data.py:79: UserWarning: Trying to infer the `batch_size` from an ambiguous collection. The batch size we found is 10. To avoid any miscalculations, use `self.log(..., batch_size=batch_size)`.
/home/mgiller/miniforge3/envs/flexenv/lib/python3.11/site-packages/lightning/pytorch/loops/fit_loop.py:538: PossibleUserWarning: Found 52 module(s) in eval mode at the start of training. This may lead to unexpected behavior during training. If this is intentional, you can ignore this warning.
[INFO] Inference mode: forcing device to CPU
[INFO] Loading test data for inference...
[INFO] Loaded artifacts for modalities: ['gex']
[INFO] gex: Ignoring 3101 extra features not in training
[INFO] Test dataset loaded: 1162 samples
[INFO] Finetuning the model on  50 test samples
[INFO] Moving model to cuda for finetuning
[INFO] FineTuner: model currently on device=cuda:0, cuda_available=True
[INFO] average 5-fold cross-validation loss 4.333875274658203 for learning rate: 0.001562069367563987 freeze {'encoders': True, 'supervisors': False}, average epochs 15
[INFO] average 5-fold cross-validation loss 4.433269023895264 for learning rate: 0.001562069367563987 freeze {'encoders': False, 'supervisors': True}, average epochs 8
[INFO] average 5-fold cross-validation loss 4.195788097381592 for learning rate: 0.001562069367563987 freeze {'encoders': False, 'supervisors': False}, average epochs 8
[INFO] average 5-fold cross-validation loss 7.2529033660888675 for learning rate: 0.0001562069367563987 freeze {'encoders': True, 'supervisors': False}, average epochs 5
[INFO] average 5-fold cross-validation loss 4.58154411315918 for learning rate: 0.0001562069367563987 freeze {'encoders': False, 'supervisors': True}, average epochs 8
[INFO] average 5-fold cross-validation loss 4.181897115707398 for learning rate: 0.0001562069367563987 freeze {'encoders': False, 'supervisors': False}, average epochs 9
[INFO] average 5-fold cross-validation loss 7.284263706207275 for learning rate: 1.562069367563987e-05 freeze {'encoders': True, 'supervisors': False}, average epochs 4
[INFO] average 5-fold cross-validation loss 6.858366775512695 for learning rate: 1.562069367563987e-05 freeze {'encoders': False, 'supervisors': True}, average epochs 6
[INFO] average 5-fold cross-validation loss 6.53392391204834 for learning rate: 1.562069367563987e-05 freeze {'encoders': False, 'supervisors': False}, average epochs 8
Best learning rate: 0.0001562069367563987 and freeze {'encoders': False, 'supervisors': False} with average validation loss: 4.181897115707398 and average epochs: 9
┏━━━┳━━━━━━━━━━━━━━━━┳━━━━━━━━━━━━━━━━┳━━━━━━━━┳━━━━━━┳━━━━━━━┓
┃   ┃ Name           ┃ Type           ┃ Params ┃ Mode ┃ FLOPs ┃
┡━━━╇━━━━━━━━━━━━━━━━╇━━━━━━━━━━━━━━━━╇━━━━━━━━╇━━━━━━╇━━━━━━━┩
│ 0 │ original_model │ supervised_vae │  133 M │ eval │     0 │
│ 1 │ model          │ supervised_vae │  133 M │ eval │     0 │
└───┴────────────────┴────────────────┴────────┴──────┴───────┘
Trainable params: 267 M                                                         
Non-trainable params: 0                                                         
Total params: 267 M                                                             
Total estimated model params size (MB): 1,070.358                               
Modules in train mode: 0                                                        
Modules in eval mode: 52                                                        
Total FLOPs: 0                                                                  
Epoch 8/8  ━━━━━━━━━━━━━━━━━━━━━ 2/2 0:00:00 • 0:00:00 17.26it/s val_loss: 4.036
/home/mgiller/miniforge3/envs/flexenv/lib/python3.11/site-packages/sklearn/metrics/_classification.py:2939: UserWarning: y_pred contains classes not in y_true
[INFO] Extracting sample embeddings
[INFO] Computing model evaluation metrics
[INFO] Finetuned model saved to /data/local/mgiller/atlas_tissue_representation/size_filterd/geq_25_samples/resample/50_FinetuneSamples_resample_run_3.final_model.pth
Running array task 1 with 50 Subsamplerun 4 samples on sl-akali-p-cs2
/home/mgiller/miniforge3/envs/flexenv/lib/python3.11/site-packages/sklearn/utils/validation.py:2827: UserWarning: X does not have valid feature names, but StandardScaler was fitted with feature names
/home/mgiller/miniforge3/envs/flexenv/lib/python3.11/site-packages/sklearn/utils/validation.py:2827: UserWarning: X does not have valid feature names, but OrdinalEncoder was fitted with feature names
[rank: 0] Seed set to 42
/home/mgiller/miniforge3/envs/flexenv/lib/python3.11/site-packages/lightning/fabric/plugins/environments/slurm.py:204: PossibleUserWarning: The `srun` command is available on your system but is not used. HINT: If your intention is to run Lightning on SLURM, prepend your python command with `srun` like so: srun python3.11 /home/mgiller/miniforge3/envs/flexenv/bin/flexyn ...
/home/mgiller/miniforge3/envs/flexenv/lib/python3.11/site-packages/lightning/pytorch/utilities/data.py:79: UserWarning: Trying to infer the `batch_size` from an ambiguous collection. The batch size we found is 10. To avoid any miscalculations, use `self.log(..., batch_size=batch_size)`.
/home/mgiller/miniforge3/envs/flexenv/lib/python3.11/site-packages/lightning/pytorch/loops/fit_loop.py:538: PossibleUserWarning: Found 52 module(s) in eval mode at the start of training. This may lead to unexpected behavior during training. If this is intentional, you can ignore this warning.
[INFO] Inference mode: forcing device to CPU
[INFO] Loading test data for inference...
[INFO] Loaded artifacts for modalities: ['gex']
[INFO] gex: Ignoring 3101 extra features not in training
[INFO] Test dataset loaded: 1162 samples
[INFO] Finetuning the model on  50 test samples
[INFO] Moving model to cuda for finetuning
[INFO] FineTuner: model currently on device=cuda:0, cuda_available=True
[INFO] average 5-fold cross-validation loss 4.190818166732788 for learning rate: 0.001562069367563987 freeze {'encoders': True, 'supervisors': False}, average epochs 18
[INFO] average 5-fold cross-validation loss 4.274202680587768 for learning rate: 0.001562069367563987 freeze {'encoders': False, 'supervisors': True}, average epochs 10
[INFO] average 5-fold cross-validation loss 4.013996553421021 for learning rate: 0.001562069367563987 freeze {'encoders': False, 'supervisors': False}, average epochs 9
[INFO] average 5-fold cross-validation loss 7.6609272956848145 for learning rate: 0.0001562069367563987 freeze {'encoders': True, 'supervisors': False}, average epochs 3
[INFO] average 5-fold cross-validation loss 4.76477746963501 for learning rate: 0.0001562069367563987 freeze {'encoders': False, 'supervisors': True}, average epochs 9
[INFO] average 5-fold cross-validation loss 4.868698644638061 for learning rate: 0.0001562069367563987 freeze {'encoders': False, 'supervisors': False}, average epochs 9
[INFO] average 5-fold cross-validation loss 7.61247501373291 for learning rate: 1.562069367563987e-05 freeze {'encoders': True, 'supervisors': False}, average epochs 6
[INFO] average 5-fold cross-validation loss 6.514773273468018 for learning rate: 1.562069367563987e-05 freeze {'encoders': False, 'supervisors': True}, average epochs 10
[INFO] average 5-fold cross-validation loss 6.966667556762696 for learning rate: 1.562069367563987e-05 freeze {'encoders': False, 'supervisors': False}, average epochs 8
Best learning rate: 0.001562069367563987 and freeze {'encoders': False, 'supervisors': False} with average validation loss: 4.013996553421021 and average epochs: 9
┏━━━┳━━━━━━━━━━━━━━━━┳━━━━━━━━━━━━━━━━┳━━━━━━━━┳━━━━━━┳━━━━━━━┓
┃   ┃ Name           ┃ Type           ┃ Params ┃ Mode ┃ FLOPs ┃
┡━━━╇━━━━━━━━━━━━━━━━╇━━━━━━━━━━━━━━━━╇━━━━━━━━╇━━━━━━╇━━━━━━━┩
│ 0 │ original_model │ supervised_vae │  133 M │ eval │     0 │
│ 1 │ model          │ supervised_vae │  133 M │ eval │     0 │
└───┴────────────────┴────────────────┴────────┴──────┴───────┘
Trainable params: 267 M                                                         
Non-trainable params: 0                                                         
Total params: 267 M                                                             
Total estimated model params size (MB): 1,070.358                               
Modules in train mode: 0                                                        
Modules in eval mode: 52                                                        
Total FLOPs: 0                                                                  
Epoch 8/8  ━━━━━━━━━━━━━━━━━━━━━ 2/2 0:00:00 • 0:00:00 17.21it/s val_loss: 2.837
/home/mgiller/miniforge3/envs/flexenv/lib/python3.11/site-packages/sklearn/metrics/_classification.py:2939: UserWarning: y_pred contains classes not in y_true
[INFO] Extracting sample embeddings
[INFO] Computing model evaluation metrics
[INFO] Finetuned model saved to /data/local/mgiller/atlas_tissue_representation/size_filterd/geq_25_samples/resample/50_FinetuneSamples_resample_run_4.final_model.pth
Running array task 1 with 50 Subsamplerun 5 samples on sl-akali-p-cs2
/home/mgiller/miniforge3/envs/flexenv/lib/python3.11/site-packages/sklearn/utils/validation.py:2827: UserWarning: X does not have valid feature names, but StandardScaler was fitted with feature names
/home/mgiller/miniforge3/envs/flexenv/lib/python3.11/site-packages/sklearn/utils/validation.py:2827: UserWarning: X does not have valid feature names, but OrdinalEncoder was fitted with feature names
[rank: 0] Seed set to 42
/home/mgiller/miniforge3/envs/flexenv/lib/python3.11/site-packages/lightning/fabric/plugins/environments/slurm.py:204: PossibleUserWarning: The `srun` command is available on your system but is not used. HINT: If your intention is to run Lightning on SLURM, prepend your python command with `srun` like so: srun python3.11 /home/mgiller/miniforge3/envs/flexenv/bin/flexyn ...
/home/mgiller/miniforge3/envs/flexenv/lib/python3.11/site-packages/lightning/pytorch/utilities/data.py:79: UserWarning: Trying to infer the `batch_size` from an ambiguous collection. The batch size we found is 10. To avoid any miscalculations, use `self.log(..., batch_size=batch_size)`.
/home/mgiller/miniforge3/envs/flexenv/lib/python3.11/site-packages/lightning/pytorch/loops/fit_loop.py:538: PossibleUserWarning: Found 52 module(s) in eval mode at the start of training. This may lead to unexpected behavior during training. If this is intentional, you can ignore this warning.
[INFO] Inference mode: forcing device to CPU
[INFO] Loading test data for inference...
[INFO] Loaded artifacts for modalities: ['gex']
[INFO] gex: Ignoring 3101 extra features not in training
[INFO] Test dataset loaded: 1162 samples
[INFO] Finetuning the model on  50 test samples
[INFO] Moving model to cuda for finetuning
[INFO] FineTuner: model currently on device=cuda:0, cuda_available=True
[INFO] average 5-fold cross-validation loss 3.8943920612335203 for learning rate: 0.001562069367563987 freeze {'encoders': True, 'supervisors': False}, average epochs 18
[INFO] average 5-fold cross-validation loss 4.599931478500366 for learning rate: 0.001562069367563987 freeze {'encoders': False, 'supervisors': True}, average epochs 5
[INFO] average 5-fold cross-validation loss 4.686580562591553 for learning rate: 0.001562069367563987 freeze {'encoders': False, 'supervisors': False}, average epochs 5
[INFO] average 5-fold cross-validation loss 7.483201026916504 for learning rate: 0.0001562069367563987 freeze {'encoders': True, 'supervisors': False}, average epochs 6
[INFO] average 5-fold cross-validation loss 4.393345880508423 for learning rate: 0.0001562069367563987 freeze {'encoders': False, 'supervisors': True}, average epochs 9
[INFO] average 5-fold cross-validation loss 4.398317098617554 for learning rate: 0.0001562069367563987 freeze {'encoders': False, 'supervisors': False}, average epochs 8
[INFO] average 5-fold cross-validation loss 7.336052703857422 for learning rate: 1.562069367563987e-05 freeze {'encoders': True, 'supervisors': False}, average epochs 5
[INFO] average 5-fold cross-validation loss 6.990917682647705 for learning rate: 1.562069367563987e-05 freeze {'encoders': False, 'supervisors': True}, average epochs 10
[INFO] average 5-fold cross-validation loss 6.713763236999512 for learning rate: 1.562069367563987e-05 freeze {'encoders': False, 'supervisors': False}, average epochs 6
Best learning rate: 0.001562069367563987 and freeze {'encoders': True, 'supervisors': False} with average validation loss: 3.8943920612335203 and average epochs: 18
┏━━━┳━━━━━━━━━━━━━━━━┳━━━━━━━━━━━━━━━━┳━━━━━━━━┳━━━━━━┳━━━━━━━┓
┃   ┃ Name           ┃ Type           ┃ Params ┃ Mode ┃ FLOPs ┃
┡━━━╇━━━━━━━━━━━━━━━━╇━━━━━━━━━━━━━━━━╇━━━━━━━━╇━━━━━━╇━━━━━━━┩
│ 0 │ original_model │ supervised_vae │  133 M │ eval │     0 │
│ 1 │ model          │ supervised_vae │  133 M │ eval │     0 │
└───┴────────────────┴────────────────┴────────┴──────┴───────┘
Trainable params: 200 M                                                         
Non-trainable params: 67.1 M                                                    
Total params: 267 M                                                             
Total estimated model params size (MB): 1,070.358                               
Modules in train mode: 0                                                        
Modules in eval mode: 52                                                        
Total FLOPs: 0                                                                  
Epoch 17/17 ━━━━━━━━━━━━━━━━━━━━ 2/2 0:00:00 • 0:00:00 28.61it/s val_loss: 1.413
/home/mgiller/miniforge3/envs/flexenv/lib/python3.11/site-packages/sklearn/metrics/_classification.py:2939: UserWarning: y_pred contains classes not in y_true
[INFO] Extracting sample embeddings
[INFO] Computing model evaluation metrics
[INFO] Finetuned model saved to /data/local/mgiller/atlas_tissue_representation/size_filterd/geq_25_samples/resample/50_FinetuneSamples_resample_run_5.final_model.pth
