Running array task 3 with 100 samples on sl-akali-p-cs2
Running array task 3 with 100 Subsamplerun 1 samples on sl-akali-p-cs2
/home/mgiller/miniforge3/envs/flexenv/lib/python3.11/site-packages/sklearn/utils/validation.py:2827: UserWarning: X does not have valid feature names, but StandardScaler was fitted with feature names
/home/mgiller/miniforge3/envs/flexenv/lib/python3.11/site-packages/sklearn/utils/validation.py:2827: UserWarning: X does not have valid feature names, but OrdinalEncoder was fitted with feature names
[rank: 0] Seed set to 42
/home/mgiller/miniforge3/envs/flexenv/lib/python3.11/site-packages/lightning/fabric/plugins/environments/slurm.py:204: PossibleUserWarning: The `srun` command is available on your system but is not used. HINT: If your intention is to run Lightning on SLURM, prepend your python command with `srun` like so: srun python3.11 /home/mgiller/miniforge3/envs/flexenv/bin/flexyn ...
/home/mgiller/miniforge3/envs/flexenv/lib/python3.11/site-packages/lightning/pytorch/utilities/data.py:79: UserWarning: Trying to infer the `batch_size` from an ambiguous collection. The batch size we found is 20. To avoid any miscalculations, use `self.log(..., batch_size=batch_size)`.
/home/mgiller/miniforge3/envs/flexenv/lib/python3.11/site-packages/lightning/pytorch/loops/fit_loop.py:538: PossibleUserWarning: Found 52 module(s) in eval mode at the start of training. This may lead to unexpected behavior during training. If this is intentional, you can ignore this warning.
[INFO] Inference mode: forcing device to CPU
[INFO] Loading test data for inference...
[INFO] Loaded artifacts for modalities: ['gex']
[INFO] gex: Ignoring 3101 extra features not in training
[INFO] Test dataset loaded: 1162 samples
[INFO] Finetuning the model on  100 test samples
[INFO] Moving model to cuda for finetuning
[INFO] FineTuner: model currently on device=cuda:0, cuda_available=True
[INFO] average 5-fold cross-validation loss 3.3533838272094725 for learning rate: 0.001562069367563987 freeze {'encoders': True, 'supervisors': False}, average epochs 18
[INFO] average 5-fold cross-validation loss 4.107063865661621 for learning rate: 0.001562069367563987 freeze {'encoders': False, 'supervisors': True}, average epochs 5
[INFO] average 5-fold cross-validation loss 3.421229362487793 for learning rate: 0.001562069367563987 freeze {'encoders': False, 'supervisors': False}, average epochs 11
[INFO] average 5-fold cross-validation loss 6.94015326499939 for learning rate: 0.0001562069367563987 freeze {'encoders': True, 'supervisors': False}, average epochs 11
[INFO] average 5-fold cross-validation loss 4.033779716491699 for learning rate: 0.0001562069367563987 freeze {'encoders': False, 'supervisors': True}, average epochs 9
[INFO] average 5-fold cross-validation loss 3.9034121513366697 for learning rate: 0.0001562069367563987 freeze {'encoders': False, 'supervisors': False}, average epochs 14
[INFO] average 5-fold cross-validation loss 7.644154167175293 for learning rate: 1.562069367563987e-05 freeze {'encoders': True, 'supervisors': False}, average epochs 6
[INFO] average 5-fold cross-validation loss 5.555743265151977 for learning rate: 1.562069367563987e-05 freeze {'encoders': False, 'supervisors': True}, average epochs 16
[INFO] average 5-fold cross-validation loss 5.31158037185669 for learning rate: 1.562069367563987e-05 freeze {'encoders': False, 'supervisors': False}, average epochs 20
Best learning rate: 0.001562069367563987 and freeze {'encoders': True, 'supervisors': False} with average validation loss: 3.3533838272094725 and average epochs: 18
┏━━━┳━━━━━━━━━━━━━━━━┳━━━━━━━━━━━━━━━━┳━━━━━━━━┳━━━━━━┳━━━━━━━┓
┃   ┃ Name           ┃ Type           ┃ Params ┃ Mode ┃ FLOPs ┃
┡━━━╇━━━━━━━━━━━━━━━━╇━━━━━━━━━━━━━━━━╇━━━━━━━━╇━━━━━━╇━━━━━━━┩
│ 0 │ original_model │ supervised_vae │  133 M │ eval │     0 │
│ 1 │ model          │ supervised_vae │  133 M │ eval │     0 │
└───┴────────────────┴────────────────┴────────┴──────┴───────┘
Trainable params: 200 M                                                         
Non-trainable params: 67.1 M                                                    
Total params: 267 M                                                             
Total estimated model params size (MB): 1,070.358                               
Modules in train mode: 0                                                        
Modules in eval mode: 52                                                        
Total FLOPs: 0                                                                  
Epoch 17/17 ━━━━━━━━━━━━━━━━━━━━ 4/4 0:00:00 • 0:00:00 29.85it/s val_loss: 3.423
/home/mgiller/miniforge3/envs/flexenv/lib/python3.11/site-packages/sklearn/metrics/_classification.py:2939: UserWarning: y_pred contains classes not in y_true
[INFO] Extracting sample embeddings
[INFO] Computing model evaluation metrics
[INFO] Finetuned model saved to /data/local/mgiller/atlas_tissue_representation/size_filterd/geq_25_samples/resample/100_FinetuneSamples_resample_run_1.final_model.pth
Running array task 3 with 100 Subsamplerun 2 samples on sl-akali-p-cs2
/home/mgiller/miniforge3/envs/flexenv/lib/python3.11/site-packages/sklearn/utils/validation.py:2827: UserWarning: X does not have valid feature names, but StandardScaler was fitted with feature names
/home/mgiller/miniforge3/envs/flexenv/lib/python3.11/site-packages/sklearn/utils/validation.py:2827: UserWarning: X does not have valid feature names, but OrdinalEncoder was fitted with feature names
[rank: 0] Seed set to 42
/home/mgiller/miniforge3/envs/flexenv/lib/python3.11/site-packages/lightning/fabric/plugins/environments/slurm.py:204: PossibleUserWarning: The `srun` command is available on your system but is not used. HINT: If your intention is to run Lightning on SLURM, prepend your python command with `srun` like so: srun python3.11 /home/mgiller/miniforge3/envs/flexenv/bin/flexyn ...
/home/mgiller/miniforge3/envs/flexenv/lib/python3.11/site-packages/lightning/pytorch/utilities/data.py:79: UserWarning: Trying to infer the `batch_size` from an ambiguous collection. The batch size we found is 20. To avoid any miscalculations, use `self.log(..., batch_size=batch_size)`.
/home/mgiller/miniforge3/envs/flexenv/lib/python3.11/site-packages/lightning/pytorch/loops/fit_loop.py:538: PossibleUserWarning: Found 52 module(s) in eval mode at the start of training. This may lead to unexpected behavior during training. If this is intentional, you can ignore this warning.
[INFO] Inference mode: forcing device to CPU
[INFO] Loading test data for inference...
[INFO] Loaded artifacts for modalities: ['gex']
[INFO] gex: Ignoring 3101 extra features not in training
[INFO] Test dataset loaded: 1162 samples
[INFO] Finetuning the model on  100 test samples
[INFO] Moving model to cuda for finetuning
[INFO] FineTuner: model currently on device=cuda:0, cuda_available=True
[INFO] average 5-fold cross-validation loss 3.1658047676086425 for learning rate: 0.001562069367563987 freeze {'encoders': True, 'supervisors': False}, average epochs 22
[INFO] average 5-fold cross-validation loss 3.770679235458374 for learning rate: 0.001562069367563987 freeze {'encoders': False, 'supervisors': True}, average epochs 7
[INFO] average 5-fold cross-validation loss 3.455841636657715 for learning rate: 0.001562069367563987 freeze {'encoders': False, 'supervisors': False}, average epochs 9
[INFO] average 5-fold cross-validation loss 6.098806238174438 for learning rate: 0.0001562069367563987 freeze {'encoders': True, 'supervisors': False}, average epochs 7
[INFO] average 5-fold cross-validation loss 3.7075045108795166 for learning rate: 0.0001562069367563987 freeze {'encoders': False, 'supervisors': True}, average epochs 16
[INFO] average 5-fold cross-validation loss 3.7604672431945803 for learning rate: 0.0001562069367563987 freeze {'encoders': False, 'supervisors': False}, average epochs 15
[INFO] average 5-fold cross-validation loss 6.320026206970215 for learning rate: 1.562069367563987e-05 freeze {'encoders': True, 'supervisors': False}, average epochs 6
[INFO] average 5-fold cross-validation loss 5.467682600021362 for learning rate: 1.562069367563987e-05 freeze {'encoders': False, 'supervisors': True}, average epochs 12
[INFO] average 5-fold cross-validation loss 5.614902687072754 for learning rate: 1.562069367563987e-05 freeze {'encoders': False, 'supervisors': False}, average epochs 12
Best learning rate: 0.001562069367563987 and freeze {'encoders': True, 'supervisors': False} with average validation loss: 3.1658047676086425 and average epochs: 22
┏━━━┳━━━━━━━━━━━━━━━━┳━━━━━━━━━━━━━━━━┳━━━━━━━━┳━━━━━━┳━━━━━━━┓
┃   ┃ Name           ┃ Type           ┃ Params ┃ Mode ┃ FLOPs ┃
┡━━━╇━━━━━━━━━━━━━━━━╇━━━━━━━━━━━━━━━━╇━━━━━━━━╇━━━━━━╇━━━━━━━┩
│ 0 │ original_model │ supervised_vae │  133 M │ eval │     0 │
│ 1 │ model          │ supervised_vae │  133 M │ eval │     0 │
└───┴────────────────┴────────────────┴────────┴──────┴───────┘
Trainable params: 200 M                                                         
Non-trainable params: 67.1 M                                                    
Total params: 267 M                                                             
Total estimated model params size (MB): 1,070.358                               
Modules in train mode: 0                                                        
Modules in eval mode: 52                                                        
Total FLOPs: 0                                                                  
Epoch 21/21 ━━━━━━━━━━━━━━━━━━━━ 4/4 0:00:00 • 0:00:00 29.78it/s val_loss: 2.962
/home/mgiller/miniforge3/envs/flexenv/lib/python3.11/site-packages/sklearn/metrics/_classification.py:2939: UserWarning: y_pred contains classes not in y_true
[INFO] Extracting sample embeddings
[INFO] Computing model evaluation metrics
[INFO] Finetuned model saved to /data/local/mgiller/atlas_tissue_representation/size_filterd/geq_25_samples/resample/100_FinetuneSamples_resample_run_2.final_model.pth
Running array task 3 with 100 Subsamplerun 3 samples on sl-akali-p-cs2
/home/mgiller/miniforge3/envs/flexenv/lib/python3.11/site-packages/sklearn/utils/validation.py:2827: UserWarning: X does not have valid feature names, but StandardScaler was fitted with feature names
/home/mgiller/miniforge3/envs/flexenv/lib/python3.11/site-packages/sklearn/utils/validation.py:2827: UserWarning: X does not have valid feature names, but OrdinalEncoder was fitted with feature names
[rank: 0] Seed set to 42
/home/mgiller/miniforge3/envs/flexenv/lib/python3.11/site-packages/lightning/fabric/plugins/environments/slurm.py:204: PossibleUserWarning: The `srun` command is available on your system but is not used. HINT: If your intention is to run Lightning on SLURM, prepend your python command with `srun` like so: srun python3.11 /home/mgiller/miniforge3/envs/flexenv/bin/flexyn ...
/home/mgiller/miniforge3/envs/flexenv/lib/python3.11/site-packages/lightning/pytorch/utilities/data.py:79: UserWarning: Trying to infer the `batch_size` from an ambiguous collection. The batch size we found is 20. To avoid any miscalculations, use `self.log(..., batch_size=batch_size)`.
/home/mgiller/miniforge3/envs/flexenv/lib/python3.11/site-packages/lightning/pytorch/loops/fit_loop.py:538: PossibleUserWarning: Found 52 module(s) in eval mode at the start of training. This may lead to unexpected behavior during training. If this is intentional, you can ignore this warning.
[INFO] Inference mode: forcing device to CPU
[INFO] Loading test data for inference...
[INFO] Loaded artifacts for modalities: ['gex']
[INFO] gex: Ignoring 3101 extra features not in training
[INFO] Test dataset loaded: 1162 samples
[INFO] Finetuning the model on  100 test samples
[INFO] Moving model to cuda for finetuning
[INFO] FineTuner: model currently on device=cuda:0, cuda_available=True
[INFO] average 5-fold cross-validation loss 2.629919195175171 for learning rate: 0.001562069367563987 freeze {'encoders': True, 'supervisors': False}, average epochs 20
[INFO] average 5-fold cross-validation loss 3.2877174854278564 for learning rate: 0.001562069367563987 freeze {'encoders': False, 'supervisors': True}, average epochs 8
[INFO] average 5-fold cross-validation loss 3.113542604446411 for learning rate: 0.001562069367563987 freeze {'encoders': False, 'supervisors': False}, average epochs 6
[INFO] average 5-fold cross-validation loss 6.102430534362793 for learning rate: 0.0001562069367563987 freeze {'encoders': True, 'supervisors': False}, average epochs 9
[INFO] average 5-fold cross-validation loss 3.3238884449005126 for learning rate: 0.0001562069367563987 freeze {'encoders': False, 'supervisors': True}, average epochs 14
[INFO] average 5-fold cross-validation loss 3.38458137512207 for learning rate: 0.0001562069367563987 freeze {'encoders': False, 'supervisors': False}, average epochs 11
[INFO] average 5-fold cross-validation loss 6.752002143859864 for learning rate: 1.562069367563987e-05 freeze {'encoders': True, 'supervisors': False}, average epochs 4
[INFO] average 5-fold cross-validation loss 4.897231101989746 for learning rate: 1.562069367563987e-05 freeze {'encoders': False, 'supervisors': True}, average epochs 19
[INFO] average 5-fold cross-validation loss 5.739369297027588 for learning rate: 1.562069367563987e-05 freeze {'encoders': False, 'supervisors': False}, average epochs 9
Best learning rate: 0.001562069367563987 and freeze {'encoders': True, 'supervisors': False} with average validation loss: 2.629919195175171 and average epochs: 20
┏━━━┳━━━━━━━━━━━━━━━━┳━━━━━━━━━━━━━━━━┳━━━━━━━━┳━━━━━━┳━━━━━━━┓
┃   ┃ Name           ┃ Type           ┃ Params ┃ Mode ┃ FLOPs ┃
┡━━━╇━━━━━━━━━━━━━━━━╇━━━━━━━━━━━━━━━━╇━━━━━━━━╇━━━━━━╇━━━━━━━┩
│ 0 │ original_model │ supervised_vae │  133 M │ eval │     0 │
│ 1 │ model          │ supervised_vae │  133 M │ eval │     0 │
└───┴────────────────┴────────────────┴────────┴──────┴───────┘
Trainable params: 200 M                                                         
Non-trainable params: 67.1 M                                                    
Total params: 267 M                                                             
Total estimated model params size (MB): 1,070.358                               
Modules in train mode: 0                                                        
Modules in eval mode: 52                                                        
Total FLOPs: 0                                                                  
Epoch 19/19 ━━━━━━━━━━━━━━━━━━━━ 4/4 0:00:00 • 0:00:00 29.48it/s val_loss: 1.675
/home/mgiller/miniforge3/envs/flexenv/lib/python3.11/site-packages/sklearn/metrics/_classification.py:2939: UserWarning: y_pred contains classes not in y_true
[INFO] Extracting sample embeddings
[INFO] Computing model evaluation metrics
[INFO] Finetuned model saved to /data/local/mgiller/atlas_tissue_representation/size_filterd/geq_25_samples/resample/100_FinetuneSamples_resample_run_3.final_model.pth
Running array task 3 with 100 Subsamplerun 4 samples on sl-akali-p-cs2
/home/mgiller/miniforge3/envs/flexenv/lib/python3.11/site-packages/sklearn/utils/validation.py:2827: UserWarning: X does not have valid feature names, but StandardScaler was fitted with feature names
/home/mgiller/miniforge3/envs/flexenv/lib/python3.11/site-packages/sklearn/utils/validation.py:2827: UserWarning: X does not have valid feature names, but OrdinalEncoder was fitted with feature names
[rank: 0] Seed set to 42
/home/mgiller/miniforge3/envs/flexenv/lib/python3.11/site-packages/lightning/fabric/plugins/environments/slurm.py:204: PossibleUserWarning: The `srun` command is available on your system but is not used. HINT: If your intention is to run Lightning on SLURM, prepend your python command with `srun` like so: srun python3.11 /home/mgiller/miniforge3/envs/flexenv/bin/flexyn ...
/home/mgiller/miniforge3/envs/flexenv/lib/python3.11/site-packages/lightning/pytorch/utilities/data.py:79: UserWarning: Trying to infer the `batch_size` from an ambiguous collection. The batch size we found is 20. To avoid any miscalculations, use `self.log(..., batch_size=batch_size)`.
/home/mgiller/miniforge3/envs/flexenv/lib/python3.11/site-packages/lightning/pytorch/loops/fit_loop.py:538: PossibleUserWarning: Found 52 module(s) in eval mode at the start of training. This may lead to unexpected behavior during training. If this is intentional, you can ignore this warning.
[INFO] Inference mode: forcing device to CPU
[INFO] Loading test data for inference...
[INFO] Loaded artifacts for modalities: ['gex']
[INFO] gex: Ignoring 3101 extra features not in training
[INFO] Test dataset loaded: 1162 samples
[INFO] Finetuning the model on  100 test samples
[INFO] Moving model to cuda for finetuning
[INFO] FineTuner: model currently on device=cuda:0, cuda_available=True
[INFO] average 5-fold cross-validation loss 2.589591312408447 for learning rate: 0.001562069367563987 freeze {'encoders': True, 'supervisors': False}, average epochs 19
[INFO] average 5-fold cross-validation loss 3.517375087738037 for learning rate: 0.001562069367563987 freeze {'encoders': False, 'supervisors': True}, average epochs 7
[INFO] average 5-fold cross-validation loss 3.2581093311309814 for learning rate: 0.001562069367563987 freeze {'encoders': False, 'supervisors': False}, average epochs 10
[INFO] average 5-fold cross-validation loss 6.314884853363037 for learning rate: 0.0001562069367563987 freeze {'encoders': True, 'supervisors': False}, average epochs 12
[INFO] average 5-fold cross-validation loss 3.120902585983276 for learning rate: 0.0001562069367563987 freeze {'encoders': False, 'supervisors': True}, average epochs 18
[INFO] average 5-fold cross-validation loss 3.1314550161361696 for learning rate: 0.0001562069367563987 freeze {'encoders': False, 'supervisors': False}, average epochs 16
[INFO] average 5-fold cross-validation loss 6.870639896392822 for learning rate: 1.562069367563987e-05 freeze {'encoders': True, 'supervisors': False}, average epochs 8
[INFO] average 5-fold cross-validation loss 5.632308864593506 for learning rate: 1.562069367563987e-05 freeze {'encoders': False, 'supervisors': True}, average epochs 13
[INFO] average 5-fold cross-validation loss 5.607857418060303 for learning rate: 1.562069367563987e-05 freeze {'encoders': False, 'supervisors': False}, average epochs 12
Best learning rate: 0.001562069367563987 and freeze {'encoders': True, 'supervisors': False} with average validation loss: 2.589591312408447 and average epochs: 19
┏━━━┳━━━━━━━━━━━━━━━━┳━━━━━━━━━━━━━━━━┳━━━━━━━━┳━━━━━━┳━━━━━━━┓
┃   ┃ Name           ┃ Type           ┃ Params ┃ Mode ┃ FLOPs ┃
┡━━━╇━━━━━━━━━━━━━━━━╇━━━━━━━━━━━━━━━━╇━━━━━━━━╇━━━━━━╇━━━━━━━┩
│ 0 │ original_model │ supervised_vae │  133 M │ eval │     0 │
│ 1 │ model          │ supervised_vae │  133 M │ eval │     0 │
└───┴────────────────┴────────────────┴────────┴──────┴───────┘
Trainable params: 200 M                                                         
Non-trainable params: 67.1 M                                                    
Total params: 267 M                                                             
Total estimated model params size (MB): 1,070.358                               
Modules in train mode: 0                                                        
Modules in eval mode: 52                                                        
Total FLOPs: 0                                                                  
Epoch 18/18 ━━━━━━━━━━━━━━━━━━━━ 4/4 0:00:00 • 0:00:00 29.91it/s val_loss: 2.507
/home/mgiller/miniforge3/envs/flexenv/lib/python3.11/site-packages/sklearn/metrics/_classification.py:2939: UserWarning: y_pred contains classes not in y_true
[INFO] Extracting sample embeddings
[INFO] Computing model evaluation metrics
[INFO] Finetuned model saved to /data/local/mgiller/atlas_tissue_representation/size_filterd/geq_25_samples/resample/100_FinetuneSamples_resample_run_4.final_model.pth
Running array task 3 with 100 Subsamplerun 5 samples on sl-akali-p-cs2
/home/mgiller/miniforge3/envs/flexenv/lib/python3.11/site-packages/sklearn/utils/validation.py:2827: UserWarning: X does not have valid feature names, but StandardScaler was fitted with feature names
/home/mgiller/miniforge3/envs/flexenv/lib/python3.11/site-packages/sklearn/utils/validation.py:2827: UserWarning: X does not have valid feature names, but OrdinalEncoder was fitted with feature names
[rank: 0] Seed set to 42
/home/mgiller/miniforge3/envs/flexenv/lib/python3.11/site-packages/lightning/fabric/plugins/environments/slurm.py:204: PossibleUserWarning: The `srun` command is available on your system but is not used. HINT: If your intention is to run Lightning on SLURM, prepend your python command with `srun` like so: srun python3.11 /home/mgiller/miniforge3/envs/flexenv/bin/flexyn ...
/home/mgiller/miniforge3/envs/flexenv/lib/python3.11/site-packages/lightning/pytorch/utilities/data.py:79: UserWarning: Trying to infer the `batch_size` from an ambiguous collection. The batch size we found is 20. To avoid any miscalculations, use `self.log(..., batch_size=batch_size)`.
/home/mgiller/miniforge3/envs/flexenv/lib/python3.11/site-packages/lightning/pytorch/loops/fit_loop.py:538: PossibleUserWarning: Found 52 module(s) in eval mode at the start of training. This may lead to unexpected behavior during training. If this is intentional, you can ignore this warning.
[INFO] Inference mode: forcing device to CPU
[INFO] Loading test data for inference...
[INFO] Loaded artifacts for modalities: ['gex']
[INFO] gex: Ignoring 3101 extra features not in training
[INFO] Test dataset loaded: 1162 samples
[INFO] Finetuning the model on  100 test samples
[INFO] Moving model to cuda for finetuning
[INFO] FineTuner: model currently on device=cuda:0, cuda_available=True
[INFO] average 5-fold cross-validation loss 2.8494653701782227 for learning rate: 0.001562069367563987 freeze {'encoders': True, 'supervisors': False}, average epochs 15
[INFO] average 5-fold cross-validation loss 3.41628212928772 for learning rate: 0.001562069367563987 freeze {'encoders': False, 'supervisors': True}, average epochs 6
[INFO] average 5-fold cross-validation loss 3.390961027145386 for learning rate: 0.001562069367563987 freeze {'encoders': False, 'supervisors': False}, average epochs 8
[INFO] average 5-fold cross-validation loss 6.934864902496338 for learning rate: 0.0001562069367563987 freeze {'encoders': True, 'supervisors': False}, average epochs 7
[INFO] average 5-fold cross-validation loss 3.4573559761047363 for learning rate: 0.0001562069367563987 freeze {'encoders': False, 'supervisors': True}, average epochs 12
[INFO] average 5-fold cross-validation loss 3.4122579097747803 for learning rate: 0.0001562069367563987 freeze {'encoders': False, 'supervisors': False}, average epochs 13
[INFO] average 5-fold cross-validation loss 7.451668834686279 for learning rate: 1.562069367563987e-05 freeze {'encoders': True, 'supervisors': False}, average epochs 7
[INFO] average 5-fold cross-validation loss 5.13485369682312 for learning rate: 1.562069367563987e-05 freeze {'encoders': False, 'supervisors': True}, average epochs 23
[INFO] average 5-fold cross-validation loss 6.230407810211181 for learning rate: 1.562069367563987e-05 freeze {'encoders': False, 'supervisors': False}, average epochs 9
Best learning rate: 0.001562069367563987 and freeze {'encoders': True, 'supervisors': False} with average validation loss: 2.8494653701782227 and average epochs: 15
┏━━━┳━━━━━━━━━━━━━━━━┳━━━━━━━━━━━━━━━━┳━━━━━━━━┳━━━━━━┳━━━━━━━┓
┃   ┃ Name           ┃ Type           ┃ Params ┃ Mode ┃ FLOPs ┃
┡━━━╇━━━━━━━━━━━━━━━━╇━━━━━━━━━━━━━━━━╇━━━━━━━━╇━━━━━━╇━━━━━━━┩
│ 0 │ original_model │ supervised_vae │  133 M │ eval │     0 │
│ 1 │ model          │ supervised_vae │  133 M │ eval │     0 │
└───┴────────────────┴────────────────┴────────┴──────┴───────┘
Trainable params: 200 M                                                         
Non-trainable params: 67.1 M                                                    
Total params: 267 M                                                             
Total estimated model params size (MB): 1,070.358                               
Modules in train mode: 0                                                        
Modules in eval mode: 52                                                        
Total FLOPs: 0                                                                  
Epoch 14/14 ━━━━━━━━━━━━━━━━━━━━ 4/4 0:00:00 • 0:00:00 29.90it/s val_loss: 1.427
/home/mgiller/miniforge3/envs/flexenv/lib/python3.11/site-packages/sklearn/metrics/_classification.py:2939: UserWarning: y_pred contains classes not in y_true
[INFO] Extracting sample embeddings
[INFO] Computing model evaluation metrics
[INFO] Finetuned model saved to /data/local/mgiller/atlas_tissue_representation/size_filterd/geq_25_samples/resample/100_FinetuneSamples_resample_run_5.final_model.pth
